[debug] [2025-12-26T08:21:31.825Z] ----------------------------------------------------------------------
[debug] [2025-12-26T08:21:31.830Z] Command:       /usr/local/bin/node /usr/local/bin/firebase deploy --only functions
[debug] [2025-12-26T08:21:31.830Z] CLI Version:   15.1.0
[debug] [2025-12-26T08:21:31.830Z] Platform:      darwin
[debug] [2025-12-26T08:21:31.831Z] Node Version:  v22.16.0
[debug] [2025-12-26T08:21:31.831Z] Time:          Fri Dec 26 2025 15:21:31 GMT+0700 (Indochina Time)
[debug] [2025-12-26T08:21:31.831Z] ----------------------------------------------------------------------
[debug] 
[debug] [2025-12-26T08:21:33.340Z] Object "" in "firebase.json" has unknown property: {"additionalProperty":"flutter"}
[debug] [2025-12-26T08:21:33.342Z] > command requires scopes: ["email","openid","https://www.googleapis.com/auth/cloudplatformprojects.readonly","https://www.googleapis.com/auth/firebase","https://www.googleapis.com/auth/cloud-platform"]
[debug] [2025-12-26T08:21:33.343Z] > authorizing via signed-in user (khiemduong1234@gmail.com)
[debug] [2025-12-26T08:21:33.343Z] [iam] checking project spend-flow-82e37 for permissions ["cloudfunctions.functions.create","cloudfunctions.functions.delete","cloudfunctions.functions.get","cloudfunctions.functions.list","cloudfunctions.functions.update","cloudfunctions.operations.get","firebase.projects.get"]
[debug] [2025-12-26T08:21:33.344Z] Checked if tokens are valid: false, expires at: 1766732411702
[debug] [2025-12-26T08:21:33.344Z] Checked if tokens are valid: false, expires at: 1766732411702
[debug] [2025-12-26T08:21:33.344Z] > refreshing access token with scopes: []
[debug] [2025-12-26T08:21:33.345Z] >>> [apiv2][query] POST https://www.googleapis.com/oauth2/v3/token [none]
[debug] [2025-12-26T08:21:33.345Z] >>> [apiv2][body] POST https://www.googleapis.com/oauth2/v3/token [omitted]
[debug] [2025-12-26T08:21:33.754Z] <<< [apiv2][status] POST https://www.googleapis.com/oauth2/v3/token 200
[debug] [2025-12-26T08:21:33.754Z] <<< [apiv2][body] POST https://www.googleapis.com/oauth2/v3/token [omitted]
[debug] [2025-12-26T08:21:33.770Z] >>> [apiv2][query] POST https://cloudresourcemanager.googleapis.com/v1/projects/spend-flow-82e37:testIamPermissions [none]
[debug] [2025-12-26T08:21:33.770Z] >>> [apiv2][(partial)header] POST https://cloudresourcemanager.googleapis.com/v1/projects/spend-flow-82e37:testIamPermissions x-goog-quota-user=projects/spend-flow-82e37
[debug] [2025-12-26T08:21:33.770Z] >>> [apiv2][body] POST https://cloudresourcemanager.googleapis.com/v1/projects/spend-flow-82e37:testIamPermissions {"permissions":["cloudfunctions.functions.create","cloudfunctions.functions.delete","cloudfunctions.functions.get","cloudfunctions.functions.list","cloudfunctions.functions.update","cloudfunctions.operations.get","firebase.projects.get"]}
[debug] [2025-12-26T08:21:35.106Z] <<< [apiv2][status] POST https://cloudresourcemanager.googleapis.com/v1/projects/spend-flow-82e37:testIamPermissions 200
[debug] [2025-12-26T08:21:35.106Z] <<< [apiv2][body] POST https://cloudresourcemanager.googleapis.com/v1/projects/spend-flow-82e37:testIamPermissions {"permissions":["cloudfunctions.functions.create","cloudfunctions.functions.delete","cloudfunctions.functions.get","cloudfunctions.functions.list","cloudfunctions.functions.update","cloudfunctions.operations.get","firebase.projects.get"]}
[debug] [2025-12-26T08:21:35.107Z] Checked if tokens are valid: true, expires at: 1766740892755
[debug] [2025-12-26T08:21:35.107Z] Checked if tokens are valid: true, expires at: 1766740892755
[debug] [2025-12-26T08:21:35.107Z] >>> [apiv2][query] POST https://iam.googleapis.com/v1/projects/spend-flow-82e37/serviceAccounts/spend-flow-82e37@appspot.gserviceaccount.com:testIamPermissions [none]
[debug] [2025-12-26T08:21:35.107Z] >>> [apiv2][body] POST https://iam.googleapis.com/v1/projects/spend-flow-82e37/serviceAccounts/spend-flow-82e37@appspot.gserviceaccount.com:testIamPermissions {"permissions":["iam.serviceAccounts.actAs"]}
[debug] [2025-12-26T08:21:36.674Z] <<< [apiv2][status] POST https://iam.googleapis.com/v1/projects/spend-flow-82e37/serviceAccounts/spend-flow-82e37@appspot.gserviceaccount.com:testIamPermissions 200
[debug] [2025-12-26T08:21:36.674Z] <<< [apiv2][body] POST https://iam.googleapis.com/v1/projects/spend-flow-82e37/serviceAccounts/spend-flow-82e37@appspot.gserviceaccount.com:testIamPermissions {"permissions":["iam.serviceAccounts.actAs"]}
[info] 
[info] === Deploying to 'spend-flow-82e37'...
[info] 
[info] i  deploying functions 
[info] Running command: npm --prefix "$RESOURCE_DIR" run build
[info] ✔  functions: Finished running predeploy script. 
[debug] [2025-12-26T08:21:43.631Z] Checked if tokens are valid: true, expires at: 1766740892755
[debug] [2025-12-26T08:21:43.631Z] Checked if tokens are valid: true, expires at: 1766740892755
[debug] [2025-12-26T08:21:43.631Z] >>> [apiv2][query] GET https://serviceusage.googleapis.com/v1/projects/spend-flow-82e37/services/cloudresourcemanager.googleapis.com [none]
[debug] [2025-12-26T08:21:43.631Z] >>> [apiv2][(partial)header] GET https://serviceusage.googleapis.com/v1/projects/spend-flow-82e37/services/cloudresourcemanager.googleapis.com x-goog-quota-user=projects/spend-flow-82e37
[debug] [2025-12-26T08:21:45.102Z] <<< [apiv2][status] GET https://serviceusage.googleapis.com/v1/projects/spend-flow-82e37/services/cloudresourcemanager.googleapis.com 200
[debug] [2025-12-26T08:21:45.102Z] <<< [apiv2][body] GET https://serviceusage.googleapis.com/v1/projects/spend-flow-82e37/services/cloudresourcemanager.googleapis.com [omitted]
[debug] [2025-12-26T08:21:45.117Z] Checked if tokens are valid: true, expires at: 1766740892755
[debug] [2025-12-26T08:21:45.117Z] Checked if tokens are valid: true, expires at: 1766740892755
[debug] [2025-12-26T08:21:45.118Z] >>> [apiv2][query] GET https://cloudresourcemanager.googleapis.com/v1/projects/spend-flow-82e37 [none]
[debug] [2025-12-26T08:21:46.259Z] <<< [apiv2][status] GET https://cloudresourcemanager.googleapis.com/v1/projects/spend-flow-82e37 200
[debug] [2025-12-26T08:21:46.260Z] <<< [apiv2][body] GET https://cloudresourcemanager.googleapis.com/v1/projects/spend-flow-82e37 {"projectNumber":"586343572662","projectId":"spend-flow-82e37","lifecycleState":"ACTIVE","name":"Spend Flow ","labels":{"firebase":"enabled","firebase-core":"disabled"},"createTime":"2025-12-20T07:51:34.102068Z"}
[info] i  functions: preparing codebase default for deployment 
[info] i  functions: ensuring required API cloudfunctions.googleapis.com is enabled... 
[info] i  functions: ensuring required API cloudbuild.googleapis.com is enabled... 
[debug] [2025-12-26T08:21:46.266Z] Checked if tokens are valid: true, expires at: 1766740892755
[debug] [2025-12-26T08:21:46.266Z] Checked if tokens are valid: true, expires at: 1766740892755
[info] i  artifactregistry: ensuring required API artifactregistry.googleapis.com is enabled... 
[debug] [2025-12-26T08:21:46.266Z] Checked if tokens are valid: true, expires at: 1766740892755
[debug] [2025-12-26T08:21:46.266Z] Checked if tokens are valid: true, expires at: 1766740892755
[debug] [2025-12-26T08:21:46.266Z] >>> [apiv2][query] GET https://serviceusage.googleapis.com/v1/projects/spend-flow-82e37/services/cloudbuild.googleapis.com [none]
[debug] [2025-12-26T08:21:46.266Z] >>> [apiv2][(partial)header] GET https://serviceusage.googleapis.com/v1/projects/spend-flow-82e37/services/cloudbuild.googleapis.com x-goog-quota-user=projects/spend-flow-82e37
[debug] [2025-12-26T08:21:46.267Z] >>> [apiv2][query] GET https://serviceusage.googleapis.com/v1/projects/spend-flow-82e37/services/artifactregistry.googleapis.com [none]
[debug] [2025-12-26T08:21:46.267Z] >>> [apiv2][(partial)header] GET https://serviceusage.googleapis.com/v1/projects/spend-flow-82e37/services/artifactregistry.googleapis.com x-goog-quota-user=projects/spend-flow-82e37
[debug] [2025-12-26T08:21:47.546Z] <<< [apiv2][status] GET https://serviceusage.googleapis.com/v1/projects/spend-flow-82e37/services/cloudbuild.googleapis.com 200
[debug] [2025-12-26T08:21:47.546Z] <<< [apiv2][body] GET https://serviceusage.googleapis.com/v1/projects/spend-flow-82e37/services/cloudbuild.googleapis.com [omitted]
[warn] ⚠  functions: missing required API cloudbuild.googleapis.com. Enabling now... 
[debug] [2025-12-26T08:21:47.547Z] Checked if tokens are valid: true, expires at: 1766740892755
[debug] [2025-12-26T08:21:47.547Z] Checked if tokens are valid: true, expires at: 1766740892755
[debug] [2025-12-26T08:21:47.547Z] >>> [apiv2][query] POST https://serviceusage.googleapis.com/v1/projects/spend-flow-82e37/services/cloudbuild.googleapis.com:enable [none]
[debug] [2025-12-26T08:21:47.547Z] >>> [apiv2][(partial)header] POST https://serviceusage.googleapis.com/v1/projects/spend-flow-82e37/services/cloudbuild.googleapis.com:enable x-goog-quota-user=projects/spend-flow-82e37
[debug] [2025-12-26T08:21:47.757Z] <<< [apiv2][status] GET https://serviceusage.googleapis.com/v1/projects/spend-flow-82e37/services/artifactregistry.googleapis.com 200
[debug] [2025-12-26T08:21:47.758Z] <<< [apiv2][body] GET https://serviceusage.googleapis.com/v1/projects/spend-flow-82e37/services/artifactregistry.googleapis.com [omitted]
[warn] ⚠  artifactregistry: missing required API artifactregistry.googleapis.com. Enabling now... 
[debug] [2025-12-26T08:21:47.758Z] Checked if tokens are valid: true, expires at: 1766740892755
[debug] [2025-12-26T08:21:47.758Z] Checked if tokens are valid: true, expires at: 1766740892755
[debug] [2025-12-26T08:21:47.758Z] >>> [apiv2][query] POST https://serviceusage.googleapis.com/v1/projects/spend-flow-82e37/services/artifactregistry.googleapis.com:enable [none]
[debug] [2025-12-26T08:21:47.758Z] >>> [apiv2][(partial)header] POST https://serviceusage.googleapis.com/v1/projects/spend-flow-82e37/services/artifactregistry.googleapis.com:enable x-goog-quota-user=projects/spend-flow-82e37
[debug] [2025-12-26T08:21:48.053Z] <<< [apiv2][status] POST https://serviceusage.googleapis.com/v1/projects/spend-flow-82e37/services/cloudbuild.googleapis.com:enable 200
[debug] [2025-12-26T08:21:48.054Z] <<< [apiv2][body] POST https://serviceusage.googleapis.com/v1/projects/spend-flow-82e37/services/cloudbuild.googleapis.com:enable [omitted]
[debug] [2025-12-26T08:21:49.259Z] <<< [apiv2][status] POST https://serviceusage.googleapis.com/v1/projects/spend-flow-82e37/services/artifactregistry.googleapis.com:enable 200
[debug] [2025-12-26T08:21:49.259Z] <<< [apiv2][body] POST https://serviceusage.googleapis.com/v1/projects/spend-flow-82e37/services/artifactregistry.googleapis.com:enable [omitted]
[debug] [2025-12-26T08:21:59.302Z] Checked if tokens are valid: true, expires at: 1766740892755
[debug] [2025-12-26T08:21:59.303Z] Checked if tokens are valid: true, expires at: 1766740892755
[debug] [2025-12-26T08:21:59.321Z] >>> [apiv2][query] GET https://firebase.googleapis.com/v1beta1/projects/spend-flow-82e37/adminSdkConfig [none]
[debug] [2025-12-26T08:22:00.162Z] <<< [apiv2][status] GET https://firebase.googleapis.com/v1beta1/projects/spend-flow-82e37/adminSdkConfig 200
[debug] [2025-12-26T08:22:00.162Z] <<< [apiv2][body] GET https://firebase.googleapis.com/v1beta1/projects/spend-flow-82e37/adminSdkConfig {"projectId":"spend-flow-82e37","storageBucket":"spend-flow-82e37.firebasestorage.app"}
[debug] [2025-12-26T08:22:00.168Z] Validating nodejs source
[debug] [2025-12-26T08:22:01.613Z] > [functions] package.json contents: {
  "name": "functions",
  "scripts": {
    "build": "tsc",
    "build:watch": "tsc --watch",
    "serve": "npm run build && firebase emulators:start --only functions",
    "shell": "npm run build && firebase functions:shell",
    "start": "npm run shell",
    "deploy": "firebase deploy --only functions",
    "logs": "firebase functions:log"
  },
  "engines": {
    "node": "24"
  },
  "main": "lib/index.js",
  "dependencies": {
    "@google/generative-ai": "^0.24.1",
    "firebase-admin": "^13.6.0",
    "firebase-functions": "^7.0.0"
  },
  "devDependencies": {
    "firebase-functions-test": "^3.4.1",
    "typescript": "^5.7.3"
  },
  "private": true
}
[debug] [2025-12-26T08:22:01.614Z] Building nodejs source
[info] i  functions: Loading and analyzing source code for codebase default to determine what to deploy 
[debug] [2025-12-26T08:22:01.615Z] Could not find functions.yaml. Must use http discovery
[debug] [2025-12-26T08:22:01.627Z] Found firebase-functions binary at '/Users/khiemduong/MyProject/spend_flow/functions/node_modules/.bin/firebase-functions'
[info] Serving at port 8502

[debug] [2025-12-26T08:22:02.381Z] Got response from /__/functions.yaml {"endpoints":{"analyzeReceiptImage":{"availableMemoryMb":null,"timeoutSeconds":null,"minInstances":null,"maxInstances":null,"ingressSettings":null,"concurrency":null,"serviceAccountEmail":null,"vpc":null,"platform":"gcfv2","labels":{},"callableTrigger":{},"entryPoint":"analyzeReceiptImage"},"analyzeTransactionText":{"availableMemoryMb":null,"timeoutSeconds":null,"minInstances":null,"maxInstances":null,"ingressSettings":null,"concurrency":null,"serviceAccountEmail":null,"vpc":null,"platform":"gcfv2","labels":{},"callableTrigger":{},"entryPoint":"analyzeTransactionText"}},"specVersion":"v1alpha1","requiredAPIs":[],"extensions":{}}
[info] i  extensions: ensuring required API firebaseextensions.googleapis.com is enabled... 
[debug] [2025-12-26T08:22:06.420Z] Checked if tokens are valid: true, expires at: 1766740892755
[debug] [2025-12-26T08:22:06.420Z] Checked if tokens are valid: true, expires at: 1766740892755
[debug] [2025-12-26T08:22:06.420Z] >>> [apiv2][query] GET https://serviceusage.googleapis.com/v1/projects/spend-flow-82e37/services/firebaseextensions.googleapis.com [none]
[debug] [2025-12-26T08:22:06.420Z] >>> [apiv2][(partial)header] GET https://serviceusage.googleapis.com/v1/projects/spend-flow-82e37/services/firebaseextensions.googleapis.com x-goog-quota-user=projects/spend-flow-82e37
[debug] [2025-12-26T08:22:07.068Z] <<< [apiv2][status] GET https://serviceusage.googleapis.com/v1/projects/spend-flow-82e37/services/firebaseextensions.googleapis.com 200
[debug] [2025-12-26T08:22:07.068Z] <<< [apiv2][body] GET https://serviceusage.googleapis.com/v1/projects/spend-flow-82e37/services/firebaseextensions.googleapis.com [omitted]
[warn] ⚠  extensions: missing required API firebaseextensions.googleapis.com. Enabling now... 
[debug] [2025-12-26T08:22:07.068Z] Checked if tokens are valid: true, expires at: 1766740892755
[debug] [2025-12-26T08:22:07.068Z] Checked if tokens are valid: true, expires at: 1766740892755
[debug] [2025-12-26T08:22:07.069Z] >>> [apiv2][query] POST https://serviceusage.googleapis.com/v1/projects/spend-flow-82e37/services/firebaseextensions.googleapis.com:enable [none]
[debug] [2025-12-26T08:22:07.069Z] >>> [apiv2][(partial)header] POST https://serviceusage.googleapis.com/v1/projects/spend-flow-82e37/services/firebaseextensions.googleapis.com:enable x-goog-quota-user=projects/spend-flow-82e37
[debug] [2025-12-26T08:22:08.212Z] <<< [apiv2][status] POST https://serviceusage.googleapis.com/v1/projects/spend-flow-82e37/services/firebaseextensions.googleapis.com:enable 200
[debug] [2025-12-26T08:22:08.212Z] <<< [apiv2][body] POST https://serviceusage.googleapis.com/v1/projects/spend-flow-82e37/services/firebaseextensions.googleapis.com:enable [omitted]
[debug] [2025-12-26T08:22:18.226Z] > command requires scopes: ["email","openid","https://www.googleapis.com/auth/cloudplatformprojects.readonly","https://www.googleapis.com/auth/firebase","https://www.googleapis.com/auth/cloud-platform"]
[debug] [2025-12-26T08:22:18.226Z] > authorizing via signed-in user (khiemduong1234@gmail.com)
[debug] [2025-12-26T08:22:18.226Z] [iam] checking project spend-flow-82e37 for permissions ["firebase.projects.get","firebaseextensions.instances.list"]
[debug] [2025-12-26T08:22:18.226Z] Checked if tokens are valid: true, expires at: 1766740892755
[debug] [2025-12-26T08:22:18.227Z] Checked if tokens are valid: true, expires at: 1766740892755
[debug] [2025-12-26T08:22:18.227Z] >>> [apiv2][query] POST https://cloudresourcemanager.googleapis.com/v1/projects/spend-flow-82e37:testIamPermissions [none]
[debug] [2025-12-26T08:22:18.227Z] >>> [apiv2][(partial)header] POST https://cloudresourcemanager.googleapis.com/v1/projects/spend-flow-82e37:testIamPermissions x-goog-quota-user=projects/spend-flow-82e37
[debug] [2025-12-26T08:22:18.227Z] >>> [apiv2][body] POST https://cloudresourcemanager.googleapis.com/v1/projects/spend-flow-82e37:testIamPermissions {"permissions":["firebase.projects.get","firebaseextensions.instances.list"]}
[debug] [2025-12-26T08:22:19.488Z] <<< [apiv2][status] POST https://cloudresourcemanager.googleapis.com/v1/projects/spend-flow-82e37:testIamPermissions 200
[debug] [2025-12-26T08:22:19.488Z] <<< [apiv2][body] POST https://cloudresourcemanager.googleapis.com/v1/projects/spend-flow-82e37:testIamPermissions {"permissions":["firebase.projects.get","firebaseextensions.instances.list"]}
[debug] [2025-12-26T08:22:19.489Z] Checked if tokens are valid: true, expires at: 1766740892755
[debug] [2025-12-26T08:22:19.489Z] Checked if tokens are valid: true, expires at: 1766740892755
[debug] [2025-12-26T08:22:19.490Z] >>> [apiv2][query] GET https://firebaseextensions.googleapis.com/v1beta/projects/spend-flow-82e37/instances pageSize=100&pageToken=
[debug] [2025-12-26T08:22:21.937Z] <<< [apiv2][status] GET https://firebaseextensions.googleapis.com/v1beta/projects/spend-flow-82e37/instances 200
[debug] [2025-12-26T08:22:21.937Z] <<< [apiv2][body] GET https://firebaseextensions.googleapis.com/v1beta/projects/spend-flow-82e37/instances {}
[info] i  functions: Loaded environment variables from .env. 
[info] i  functions: preparing functions directory for uploading... 
[info] i  functions: packaged /Users/khiemduong/MyProject/spend_flow/functions (72.88 KB) for uploading 
[debug] [2025-12-26T08:22:21.986Z] Checked if tokens are valid: true, expires at: 1766740892755
[debug] [2025-12-26T08:22:21.986Z] Checked if tokens are valid: true, expires at: 1766740892755
[debug] [2025-12-26T08:22:21.986Z] >>> [apiv2][query] GET https://cloudfunctions.googleapis.com/v1/projects/spend-flow-82e37/locations/-/functions [none]
[debug] [2025-12-26T08:22:22.861Z] <<< [apiv2][status] GET https://cloudfunctions.googleapis.com/v1/projects/spend-flow-82e37/locations/-/functions 200
[debug] [2025-12-26T08:22:22.861Z] <<< [apiv2][body] GET https://cloudfunctions.googleapis.com/v1/projects/spend-flow-82e37/locations/-/functions {}
[debug] [2025-12-26T08:22:22.861Z] Checked if tokens are valid: true, expires at: 1766740892755
[debug] [2025-12-26T08:22:22.861Z] Checked if tokens are valid: true, expires at: 1766740892755
[debug] [2025-12-26T08:22:22.861Z] >>> [apiv2][query] GET https://cloudfunctions.googleapis.com/v2/projects/spend-flow-82e37/locations/-/functions filter=environment%3D%22GEN_2%22
[debug] [2025-12-26T08:22:24.370Z] <<< [apiv2][status] GET https://cloudfunctions.googleapis.com/v2/projects/spend-flow-82e37/locations/-/functions 200
[debug] [2025-12-26T08:22:24.371Z] <<< [apiv2][body] GET https://cloudfunctions.googleapis.com/v2/projects/spend-flow-82e37/locations/-/functions {}
[info] i  functions: ensuring required API run.googleapis.com is enabled... 
[debug] [2025-12-26T08:22:24.375Z] Checked if tokens are valid: true, expires at: 1766740892755
[debug] [2025-12-26T08:22:24.375Z] Checked if tokens are valid: true, expires at: 1766740892755
[info] i  functions: ensuring required API eventarc.googleapis.com is enabled... 
[debug] [2025-12-26T08:22:24.376Z] Checked if tokens are valid: true, expires at: 1766740892755
[debug] [2025-12-26T08:22:24.376Z] Checked if tokens are valid: true, expires at: 1766740892755
[info] i  functions: ensuring required API pubsub.googleapis.com is enabled... 
[debug] [2025-12-26T08:22:24.376Z] Checked if tokens are valid: true, expires at: 1766740892755
[debug] [2025-12-26T08:22:24.376Z] Checked if tokens are valid: true, expires at: 1766740892755
[info] i  functions: ensuring required API storage.googleapis.com is enabled... 
[debug] [2025-12-26T08:22:24.376Z] Checked if tokens are valid: true, expires at: 1766740892755
[debug] [2025-12-26T08:22:24.376Z] Checked if tokens are valid: true, expires at: 1766740892755
[debug] [2025-12-26T08:22:24.376Z] >>> [apiv2][query] GET https://serviceusage.googleapis.com/v1/projects/586343572662/services/run.googleapis.com [none]
[debug] [2025-12-26T08:22:24.376Z] >>> [apiv2][(partial)header] GET https://serviceusage.googleapis.com/v1/projects/586343572662/services/run.googleapis.com x-goog-quota-user=projects/586343572662
[debug] [2025-12-26T08:22:24.377Z] >>> [apiv2][query] GET https://serviceusage.googleapis.com/v1/projects/586343572662/services/eventarc.googleapis.com [none]
[debug] [2025-12-26T08:22:24.377Z] >>> [apiv2][(partial)header] GET https://serviceusage.googleapis.com/v1/projects/586343572662/services/eventarc.googleapis.com x-goog-quota-user=projects/586343572662
[debug] [2025-12-26T08:22:24.378Z] >>> [apiv2][query] GET https://serviceusage.googleapis.com/v1/projects/586343572662/services/pubsub.googleapis.com [none]
[debug] [2025-12-26T08:22:24.378Z] >>> [apiv2][(partial)header] GET https://serviceusage.googleapis.com/v1/projects/586343572662/services/pubsub.googleapis.com x-goog-quota-user=projects/586343572662
[debug] [2025-12-26T08:22:24.378Z] >>> [apiv2][query] GET https://serviceusage.googleapis.com/v1/projects/586343572662/services/storage.googleapis.com [none]
[debug] [2025-12-26T08:22:24.378Z] >>> [apiv2][(partial)header] GET https://serviceusage.googleapis.com/v1/projects/586343572662/services/storage.googleapis.com x-goog-quota-user=projects/586343572662
[debug] [2025-12-26T08:22:25.771Z] <<< [apiv2][status] GET https://serviceusage.googleapis.com/v1/projects/586343572662/services/eventarc.googleapis.com 200
[debug] [2025-12-26T08:22:25.771Z] <<< [apiv2][body] GET https://serviceusage.googleapis.com/v1/projects/586343572662/services/eventarc.googleapis.com [omitted]
[warn] ⚠  functions: missing required API eventarc.googleapis.com. Enabling now... 
[debug] [2025-12-26T08:22:25.771Z] Checked if tokens are valid: true, expires at: 1766740892755
[debug] [2025-12-26T08:22:25.771Z] Checked if tokens are valid: true, expires at: 1766740892755
[debug] [2025-12-26T08:22:25.771Z] >>> [apiv2][query] POST https://serviceusage.googleapis.com/v1/projects/586343572662/services/eventarc.googleapis.com:enable [none]
[debug] [2025-12-26T08:22:25.771Z] >>> [apiv2][(partial)header] POST https://serviceusage.googleapis.com/v1/projects/586343572662/services/eventarc.googleapis.com:enable x-goog-quota-user=projects/586343572662
[debug] [2025-12-26T08:22:25.821Z] <<< [apiv2][status] GET https://serviceusage.googleapis.com/v1/projects/586343572662/services/storage.googleapis.com 200
[debug] [2025-12-26T08:22:25.821Z] <<< [apiv2][body] GET https://serviceusage.googleapis.com/v1/projects/586343572662/services/storage.googleapis.com [omitted]
[info] ✔  functions: required API storage.googleapis.com is enabled 
[debug] [2025-12-26T08:22:25.840Z] <<< [apiv2][status] GET https://serviceusage.googleapis.com/v1/projects/586343572662/services/run.googleapis.com 200
[debug] [2025-12-26T08:22:25.840Z] <<< [apiv2][body] GET https://serviceusage.googleapis.com/v1/projects/586343572662/services/run.googleapis.com [omitted]
[warn] ⚠  functions: missing required API run.googleapis.com. Enabling now... 
[debug] [2025-12-26T08:22:25.840Z] Checked if tokens are valid: true, expires at: 1766740892755
[debug] [2025-12-26T08:22:25.840Z] Checked if tokens are valid: true, expires at: 1766740892755
[debug] [2025-12-26T08:22:25.840Z] >>> [apiv2][query] POST https://serviceusage.googleapis.com/v1/projects/586343572662/services/run.googleapis.com:enable [none]
[debug] [2025-12-26T08:22:25.840Z] >>> [apiv2][(partial)header] POST https://serviceusage.googleapis.com/v1/projects/586343572662/services/run.googleapis.com:enable x-goog-quota-user=projects/586343572662
[debug] [2025-12-26T08:22:26.319Z] <<< [apiv2][status] POST https://serviceusage.googleapis.com/v1/projects/586343572662/services/run.googleapis.com:enable 200
[debug] [2025-12-26T08:22:26.319Z] <<< [apiv2][body] POST https://serviceusage.googleapis.com/v1/projects/586343572662/services/run.googleapis.com:enable [omitted]
[debug] [2025-12-26T08:22:27.035Z] <<< [apiv2][status] GET https://serviceusage.googleapis.com/v1/projects/586343572662/services/pubsub.googleapis.com 200
[debug] [2025-12-26T08:22:27.035Z] <<< [apiv2][body] GET https://serviceusage.googleapis.com/v1/projects/586343572662/services/pubsub.googleapis.com [omitted]
[info] ✔  functions: required API pubsub.googleapis.com is enabled 
[debug] [2025-12-26T08:22:27.119Z] <<< [apiv2][status] POST https://serviceusage.googleapis.com/v1/projects/586343572662/services/eventarc.googleapis.com:enable 200
[debug] [2025-12-26T08:22:27.119Z] <<< [apiv2][body] POST https://serviceusage.googleapis.com/v1/projects/586343572662/services/eventarc.googleapis.com:enable [omitted]
[info] i  functions: generating the service identity for pubsub.googleapis.com... 
[debug] [2025-12-26T08:22:37.131Z] Checked if tokens are valid: true, expires at: 1766740892755
[debug] [2025-12-26T08:22:37.131Z] Checked if tokens are valid: true, expires at: 1766740892755
[info] i  functions: generating the service identity for eventarc.googleapis.com... 
[debug] [2025-12-26T08:22:37.131Z] Checked if tokens are valid: true, expires at: 1766740892755
[debug] [2025-12-26T08:22:37.131Z] Checked if tokens are valid: true, expires at: 1766740892755
[debug] [2025-12-26T08:22:37.131Z] >>> [apiv2][query] POST https://serviceusage.googleapis.com/v1beta1/projects/586343572662/services/pubsub.googleapis.com:generateServiceIdentity [none]
[debug] [2025-12-26T08:22:37.131Z] >>> [apiv2][(partial)header] POST https://serviceusage.googleapis.com/v1beta1/projects/586343572662/services/pubsub.googleapis.com:generateServiceIdentity x-goog-quota-user=projects/586343572662
[debug] [2025-12-26T08:22:37.131Z] >>> [apiv2][body] POST https://serviceusage.googleapis.com/v1beta1/projects/586343572662/services/pubsub.googleapis.com:generateServiceIdentity {}
[debug] [2025-12-26T08:22:37.132Z] >>> [apiv2][query] POST https://serviceusage.googleapis.com/v1beta1/projects/586343572662/services/eventarc.googleapis.com:generateServiceIdentity [none]
[debug] [2025-12-26T08:22:37.132Z] >>> [apiv2][(partial)header] POST https://serviceusage.googleapis.com/v1beta1/projects/586343572662/services/eventarc.googleapis.com:generateServiceIdentity x-goog-quota-user=projects/586343572662
[debug] [2025-12-26T08:22:37.132Z] >>> [apiv2][body] POST https://serviceusage.googleapis.com/v1beta1/projects/586343572662/services/eventarc.googleapis.com:generateServiceIdentity {}
[debug] [2025-12-26T08:22:38.760Z] <<< [apiv2][status] POST https://serviceusage.googleapis.com/v1beta1/projects/586343572662/services/eventarc.googleapis.com:generateServiceIdentity 200
[debug] [2025-12-26T08:22:38.760Z] <<< [apiv2][body] POST https://serviceusage.googleapis.com/v1beta1/projects/586343572662/services/eventarc.googleapis.com:generateServiceIdentity {"name":"operations/finished.DONE_OPERATION","done":true,"response":{"@type":"type.googleapis.com/google.api.serviceusage.v1beta1.ServiceIdentity","email":"service-586343572662@gcp-sa-eventarc.iam.gserviceaccount.com","uniqueId":"112598042956587250899"}}
[debug] [2025-12-26T08:22:38.856Z] <<< [apiv2][status] POST https://serviceusage.googleapis.com/v1beta1/projects/586343572662/services/pubsub.googleapis.com:generateServiceIdentity 200
[debug] [2025-12-26T08:22:38.856Z] <<< [apiv2][body] POST https://serviceusage.googleapis.com/v1beta1/projects/586343572662/services/pubsub.googleapis.com:generateServiceIdentity {"name":"operations/finished.DONE_OPERATION","done":true,"response":{"@type":"type.googleapis.com/google.api.serviceusage.v1beta1.ServiceIdentity","email":"service-586343572662@gcp-sa-pubsub.iam.gserviceaccount.com","uniqueId":"118287210495389029854"}}
[debug] [2025-12-26T08:22:38.860Z] Checked if tokens are valid: true, expires at: 1766740892755
[debug] [2025-12-26T08:22:38.861Z] Checked if tokens are valid: true, expires at: 1766740892755
[debug] [2025-12-26T08:22:38.861Z] >>> [apiv2][query] GET https://cloudresourcemanager.googleapis.com/v1/projects/spend-flow-82e37 [none]
[debug] [2025-12-26T08:22:39.988Z] <<< [apiv2][status] GET https://cloudresourcemanager.googleapis.com/v1/projects/spend-flow-82e37 200
[debug] [2025-12-26T08:22:39.988Z] <<< [apiv2][body] GET https://cloudresourcemanager.googleapis.com/v1/projects/spend-flow-82e37 {"projectNumber":"586343572662","projectId":"spend-flow-82e37","lifecycleState":"ACTIVE","name":"Spend Flow ","labels":{"firebase":"enabled","firebase-core":"disabled"},"createTime":"2025-12-20T07:51:34.102068Z"}
[debug] [2025-12-26T08:22:39.989Z] Checked if tokens are valid: true, expires at: 1766740892755
[debug] [2025-12-26T08:22:39.989Z] Checked if tokens are valid: true, expires at: 1766740892755
[debug] [2025-12-26T08:22:39.990Z] >>> [apiv2][query] GET https://compute.googleapis.com/compute/v1/projects/586343572662 [none]
[debug] [2025-12-26T08:22:40.617Z] <<< [apiv2][status] GET https://compute.googleapis.com/compute/v1/projects/586343572662 403
[debug] [2025-12-26T08:22:40.617Z] <<< [apiv2][body] GET https://compute.googleapis.com/compute/v1/projects/586343572662 {"error":{"code":403,"message":"Compute Engine API has not been used in project 586343572662 before or it is disabled. Enable it by visiting https://console.developers.google.com/apis/api/compute.googleapis.com/overview?project=586343572662 then retry. If you enabled this API recently, wait a few minutes for the action to propagate to our systems and retry.","errors":[{"message":"Compute Engine API has not been used in project 586343572662 before or it is disabled. Enable it by visiting https://console.developers.google.com/apis/api/compute.googleapis.com/overview?project=586343572662 then retry. If you enabled this API recently, wait a few minutes for the action to propagate to our systems and retry.","domain":"usageLimits","reason":"accessNotConfigured","extendedHelp":"https://console.developers.google.com"}],"status":"PERMISSION_DENIED","details":[{"@type":"type.googleapis.com/google.rpc.ErrorInfo","reason":"SERVICE_DISABLED","domain":"googleapis.com","metadata":{"activationUrl":"https://console.developers.google.com/apis/api/compute.googleapis.com/overview?project=586343572662","consumer":"projects/586343572662","service":"compute.googleapis.com","containerInfo":"586343572662","serviceTitle":"Compute Engine API"}},{"@type":"type.googleapis.com/google.rpc.LocalizedMessage","locale":"en-US","message":"Compute Engine API has not been used in project 586343572662 before or it is disabled. Enable it by visiting https://console.developers.google.com/apis/api/compute.googleapis.com/overview?project=586343572662 then retry. If you enabled this API recently, wait a few minutes for the action to propagate to our systems and retry."},{"@type":"type.googleapis.com/google.rpc.Help","links":[{"description":"Google developers console API activation","url":"https://console.developers.google.com/apis/api/compute.googleapis.com/overview?project=586343572662"}]}]}}
[debug] [2025-12-26T08:22:40.618Z] unable to look up default compute service account. Falling back to 586343572662-compute@developer.gserviceaccount.com. Error: {"name":"FirebaseError","children":[],"context":{"body":{"error":{"code":403,"message":"Compute Engine API has not been used in project 586343572662 before or it is disabled. Enable it by visiting https://console.developers.google.com/apis/api/compute.googleapis.com/overview?project=586343572662 then retry. If you enabled this API recently, wait a few minutes for the action to propagate to our systems and retry.","errors":[{"message":"Compute Engine API has not been used in project 586343572662 before or it is disabled. Enable it by visiting https://console.developers.google.com/apis/api/compute.googleapis.com/overview?project=586343572662 then retry. If you enabled this API recently, wait a few minutes for the action to propagate to our systems and retry.","domain":"usageLimits","reason":"accessNotConfigured","extendedHelp":"https://console.developers.google.com"}],"status":"PERMISSION_DENIED","details":[{"@type":"type.googleapis.com/google.rpc.ErrorInfo","reason":"SERVICE_DISABLED","domain":"googleapis.com","metadata":{"activationUrl":"https://console.developers.google.com/apis/api/compute.googleapis.com/overview?project=586343572662","consumer":"projects/586343572662","service":"compute.googleapis.com","containerInfo":"586343572662","serviceTitle":"Compute Engine API"}},{"@type":"type.googleapis.com/google.rpc.LocalizedMessage","locale":"en-US","message":"Compute Engine API has not been used in project 586343572662 before or it is disabled. Enable it by visiting https://console.developers.google.com/apis/api/compute.googleapis.com/overview?project=586343572662 then retry. If you enabled this API recently, wait a few minutes for the action to propagate to our systems and retry."},{"@type":"type.googleapis.com/google.rpc.Help","links":[{"description":"Google developers console API activation","url":"https://console.developers.google.com/apis/api/compute.googleapis.com/overview?project=586343572662"}]}]}},"response":{"statusCode":403}},"exit":1,"message":"Request to https://compute.googleapis.com/compute/v1/projects/586343572662 had HTTP Error: 403, Compute Engine API has not been used in project 586343572662 before or it is disabled. Enable it by visiting https://console.developers.google.com/apis/api/compute.googleapis.com/overview?project=586343572662 then retry. If you enabled this API recently, wait a few minutes for the action to propagate to our systems and retry.","status":403}
[debug] [2025-12-26T08:22:40.619Z] Checked if tokens are valid: true, expires at: 1766740892755
[debug] [2025-12-26T08:22:40.619Z] Checked if tokens are valid: true, expires at: 1766740892755
[debug] [2025-12-26T08:22:40.619Z] >>> [apiv2][query] GET https://compute.googleapis.com/compute/v1/projects/586343572662 [none]
[debug] [2025-12-26T08:22:41.888Z] <<< [apiv2][status] GET https://compute.googleapis.com/compute/v1/projects/586343572662 403
[debug] [2025-12-26T08:22:41.888Z] <<< [apiv2][body] GET https://compute.googleapis.com/compute/v1/projects/586343572662 {"error":{"code":403,"message":"Compute Engine API has not been used in project 586343572662 before or it is disabled. Enable it by visiting https://console.developers.google.com/apis/api/compute.googleapis.com/overview?project=586343572662 then retry. If you enabled this API recently, wait a few minutes for the action to propagate to our systems and retry.","errors":[{"message":"Compute Engine API has not been used in project 586343572662 before or it is disabled. Enable it by visiting https://console.developers.google.com/apis/api/compute.googleapis.com/overview?project=586343572662 then retry. If you enabled this API recently, wait a few minutes for the action to propagate to our systems and retry.","domain":"usageLimits","reason":"accessNotConfigured","extendedHelp":"https://console.developers.google.com"}],"status":"PERMISSION_DENIED","details":[{"@type":"type.googleapis.com/google.rpc.ErrorInfo","reason":"SERVICE_DISABLED","domain":"googleapis.com","metadata":{"service":"compute.googleapis.com","activationUrl":"https://console.developers.google.com/apis/api/compute.googleapis.com/overview?project=586343572662","containerInfo":"586343572662","consumer":"projects/586343572662","serviceTitle":"Compute Engine API"}},{"@type":"type.googleapis.com/google.rpc.LocalizedMessage","locale":"en-US","message":"Compute Engine API has not been used in project 586343572662 before or it is disabled. Enable it by visiting https://console.developers.google.com/apis/api/compute.googleapis.com/overview?project=586343572662 then retry. If you enabled this API recently, wait a few minutes for the action to propagate to our systems and retry."},{"@type":"type.googleapis.com/google.rpc.Help","links":[{"description":"Google developers console API activation","url":"https://console.developers.google.com/apis/api/compute.googleapis.com/overview?project=586343572662"}]}]}}
[debug] [2025-12-26T08:22:41.888Z] unable to look up default compute service account. Falling back to 586343572662-compute@developer.gserviceaccount.com. Error: {"name":"FirebaseError","children":[],"context":{"body":{"error":{"code":403,"message":"Compute Engine API has not been used in project 586343572662 before or it is disabled. Enable it by visiting https://console.developers.google.com/apis/api/compute.googleapis.com/overview?project=586343572662 then retry. If you enabled this API recently, wait a few minutes for the action to propagate to our systems and retry.","errors":[{"message":"Compute Engine API has not been used in project 586343572662 before or it is disabled. Enable it by visiting https://console.developers.google.com/apis/api/compute.googleapis.com/overview?project=586343572662 then retry. If you enabled this API recently, wait a few minutes for the action to propagate to our systems and retry.","domain":"usageLimits","reason":"accessNotConfigured","extendedHelp":"https://console.developers.google.com"}],"status":"PERMISSION_DENIED","details":[{"@type":"type.googleapis.com/google.rpc.ErrorInfo","reason":"SERVICE_DISABLED","domain":"googleapis.com","metadata":{"service":"compute.googleapis.com","activationUrl":"https://console.developers.google.com/apis/api/compute.googleapis.com/overview?project=586343572662","containerInfo":"586343572662","consumer":"projects/586343572662","serviceTitle":"Compute Engine API"}},{"@type":"type.googleapis.com/google.rpc.LocalizedMessage","locale":"en-US","message":"Compute Engine API has not been used in project 586343572662 before or it is disabled. Enable it by visiting https://console.developers.google.com/apis/api/compute.googleapis.com/overview?project=586343572662 then retry. If you enabled this API recently, wait a few minutes for the action to propagate to our systems and retry."},{"@type":"type.googleapis.com/google.rpc.Help","links":[{"description":"Google developers console API activation","url":"https://console.developers.google.com/apis/api/compute.googleapis.com/overview?project=586343572662"}]}]}},"response":{"statusCode":403}},"exit":1,"message":"Request to https://compute.googleapis.com/compute/v1/projects/586343572662 had HTTP Error: 403, Compute Engine API has not been used in project 586343572662 before or it is disabled. Enable it by visiting https://console.developers.google.com/apis/api/compute.googleapis.com/overview?project=586343572662 then retry. If you enabled this API recently, wait a few minutes for the action to propagate to our systems and retry.","status":403}
[debug] [2025-12-26T08:22:41.890Z] Checked if tokens are valid: true, expires at: 1766740892755
[debug] [2025-12-26T08:22:41.890Z] Checked if tokens are valid: true, expires at: 1766740892755
[debug] [2025-12-26T08:22:41.890Z] >>> [apiv2][query] GET https://cloudbilling.googleapis.com/v1/projects/spend-flow-82e37/billingInfo [none]
[debug] [2025-12-26T08:22:43.370Z] <<< [apiv2][status] GET https://cloudbilling.googleapis.com/v1/projects/spend-flow-82e37/billingInfo 200
[debug] [2025-12-26T08:22:43.370Z] <<< [apiv2][body] GET https://cloudbilling.googleapis.com/v1/projects/spend-flow-82e37/billingInfo {"name":"projects/spend-flow-82e37/billingInfo","projectId":"spend-flow-82e37","billingAccountName":"billingAccounts/018024-E6ED62-5F736E","billingEnabled":true}
[debug] [2025-12-26T08:22:43.373Z] Checked if tokens are valid: true, expires at: 1766740892755
[debug] [2025-12-26T08:22:43.373Z] Checked if tokens are valid: true, expires at: 1766740892755
[debug] [2025-12-26T08:22:43.373Z] >>> [apiv2][query] POST https://cloudfunctions.googleapis.com/v2/projects/spend-flow-82e37/locations/us-central1/functions:generateUploadUrl [none]
[debug] [2025-12-26T08:22:45.391Z] <<< [apiv2][status] POST https://cloudfunctions.googleapis.com/v2/projects/spend-flow-82e37/locations/us-central1/functions:generateUploadUrl 200
[debug] [2025-12-26T08:22:45.391Z] <<< [apiv2][body] POST https://cloudfunctions.googleapis.com/v2/projects/spend-flow-82e37/locations/us-central1/functions:generateUploadUrl {"uploadUrl":"https://storage.googleapis.com/gcf-v2-uploads-586343572662.us-central1.cloudfunctions.appspot.com/0c2d7901-fcb6-464a-8952-0f7a5197a40f.zip?GoogleAccessId=service-586343572662@gcf-admin-robot.iam.gserviceaccount.com&Expires=1766739165&Signature=qH4J6xczmwpWZlNhFvIuplODBjv0VYIqEYg9LRWyrn%2BW9fCNes0l9TDAcm6CkPFAQ%2BLT1pDlgH8zK0yEZ%2BzFlv7joxvTOF4xB%2FTPFxWk8PzJuykHWpNH9tkDgZTAIj%2FM3n3YnONcenw3otgxkXm0W4Y216bPH%2FbTJ%2FGP6XO4Rav6bFr91KEwJEOYLws3BCehKu379kfdl%2BA%2BDNYRQ4tq7hcC93w8Ws%2FDH%2FjHF2tJCdqIOYnwB3s%2FiY61whpGX6ELhD1BdPmKkNHLvVJUAhw4Uu%2FHxzkfQo9B9CxSjTqbHztNWUsJmq40Stx%2FIp57uBoM6s4Ri0JUM51ykng%2BWtE1%2BA%3D%3D","storageSource":{"bucket":"gcf-v2-uploads-586343572662.us-central1.cloudfunctions.appspot.com","object":"0c2d7901-fcb6-464a-8952-0f7a5197a40f.zip"}}
[debug] [2025-12-26T08:22:45.392Z] >>> [apiv2][query] PUT https://storage.googleapis.com/gcf-v2-uploads-586343572662.us-central1.cloudfunctions.appspot.com/0c2d7901-fcb6-464a-8952-0f7a5197a40f.zip GoogleAccessId=service-586343572662%40gcf-admin-robot.iam.gserviceaccount.com&Expires=1766739165&Signature=qH4J6xczmwpWZlNhFvIuplODBjv0VYIqEYg9LRWyrn%2BW9fCNes0l9TDAcm6CkPFAQ%2BLT1pDlgH8zK0yEZ%2BzFlv7joxvTOF4xB%2FTPFxWk8PzJuykHWpNH9tkDgZTAIj%2FM3n3YnONcenw3otgxkXm0W4Y216bPH%2FbTJ%2FGP6XO4Rav6bFr91KEwJEOYLws3BCehKu379kfdl%2BA%2BDNYRQ4tq7hcC93w8Ws%2FDH%2FjHF2tJCdqIOYnwB3s%2FiY61whpGX6ELhD1BdPmKkNHLvVJUAhw4Uu%2FHxzkfQo9B9CxSjTqbHztNWUsJmq40Stx%2FIp57uBoM6s4Ri0JUM51ykng%2BWtE1%2BA%3D%3D
[debug] [2025-12-26T08:22:45.392Z] >>> [apiv2][body] PUT https://storage.googleapis.com/gcf-v2-uploads-586343572662.us-central1.cloudfunctions.appspot.com/0c2d7901-fcb6-464a-8952-0f7a5197a40f.zip [stream]
[debug] [2025-12-26T08:22:46.268Z] <<< [apiv2][status] PUT https://storage.googleapis.com/gcf-v2-uploads-586343572662.us-central1.cloudfunctions.appspot.com/0c2d7901-fcb6-464a-8952-0f7a5197a40f.zip 200
[debug] [2025-12-26T08:22:46.268Z] <<< [apiv2][body] PUT https://storage.googleapis.com/gcf-v2-uploads-586343572662.us-central1.cloudfunctions.appspot.com/0c2d7901-fcb6-464a-8952-0f7a5197a40f.zip [omitted]
[info] ✔  functions: functions source uploaded successfully 
[info] i  functions: creating Node.js 24 (2nd Gen) function analyzeReceiptImage(us-central1)... 
[debug] [2025-12-26T08:22:46.272Z] Checked if tokens are valid: true, expires at: 1766740892755
[debug] [2025-12-26T08:22:46.272Z] Checked if tokens are valid: true, expires at: 1766740892755
[info] i  functions: creating Node.js 24 (2nd Gen) function analyzeTransactionText(us-central1)... 
[debug] [2025-12-26T08:22:46.273Z] Checked if tokens are valid: true, expires at: 1766740892755
[debug] [2025-12-26T08:22:46.273Z] Checked if tokens are valid: true, expires at: 1766740892755
[debug] [2025-12-26T08:22:46.273Z] >>> [apiv2][query] POST https://cloudfunctions.googleapis.com/v2/projects/spend-flow-82e37/locations/us-central1/functions functionId=analyzeReceiptImage
[debug] [2025-12-26T08:22:46.273Z] >>> [apiv2][body] POST https://cloudfunctions.googleapis.com/v2/projects/spend-flow-82e37/locations/us-central1/functions {"name":"projects/spend-flow-82e37/locations/us-central1/functions/analyzeReceiptImage","buildConfig":{"runtime":"nodejs24","entryPoint":"analyzeReceiptImage","source":{"storageSource":{"bucket":"gcf-v2-uploads-586343572662.us-central1.cloudfunctions.appspot.com","object":"0c2d7901-fcb6-464a-8952-0f7a5197a40f.zip"}},"environmentVariables":{"GOOGLE_NODE_RUN_SCRIPTS":""}},"serviceConfig":{"environmentVariables":{"GEMINI_API_KEY":"AIzaSyDtNj504v-TsQY29gsCf_XIZhSQnneca1U","FIREBASE_CONFIG":"{\"projectId\":\"spend-flow-82e37\",\"storageBucket\":\"spend-flow-82e37.firebasestorage.app\"}","GCLOUD_PROJECT":"spend-flow-82e37","EVENTARC_CLOUD_EVENT_SOURCE":"projects/spend-flow-82e37/locations/us-central1/services/analyzeReceiptImage","FUNCTION_TARGET":"analyzeReceiptImage","LOG_EXECUTION_ID":"true"},"ingressSettings":null,"timeoutSeconds":null,"serviceAccountEmail":null,"availableMemory":"256Mi","minInstanceCount":null,"maxInstanceCount":null,"maxInstanceRequestConcurrency":80,"availableCpu":"1","vpcConnector":null,"vpcConnectorEgressSettings":null},"labels":{"deployment-tool":"cli-firebase","deployment-callable":"true","firebase-functions-hash":"fe36913f4d9fd9533877ae07ff0f752d19035037"}}
[debug] [2025-12-26T08:22:46.274Z] >>> [apiv2][query] POST https://cloudfunctions.googleapis.com/v2/projects/spend-flow-82e37/locations/us-central1/functions functionId=analyzeTransactionText
[debug] [2025-12-26T08:22:46.274Z] >>> [apiv2][body] POST https://cloudfunctions.googleapis.com/v2/projects/spend-flow-82e37/locations/us-central1/functions {"name":"projects/spend-flow-82e37/locations/us-central1/functions/analyzeTransactionText","buildConfig":{"runtime":"nodejs24","entryPoint":"analyzeTransactionText","source":{"storageSource":{"bucket":"gcf-v2-uploads-586343572662.us-central1.cloudfunctions.appspot.com","object":"0c2d7901-fcb6-464a-8952-0f7a5197a40f.zip"}},"environmentVariables":{"GOOGLE_NODE_RUN_SCRIPTS":""}},"serviceConfig":{"environmentVariables":{"GEMINI_API_KEY":"AIzaSyDtNj504v-TsQY29gsCf_XIZhSQnneca1U","FIREBASE_CONFIG":"{\"projectId\":\"spend-flow-82e37\",\"storageBucket\":\"spend-flow-82e37.firebasestorage.app\"}","GCLOUD_PROJECT":"spend-flow-82e37","EVENTARC_CLOUD_EVENT_SOURCE":"projects/spend-flow-82e37/locations/us-central1/services/analyzeTransactionText","FUNCTION_TARGET":"analyzeTransactionText","LOG_EXECUTION_ID":"true"},"ingressSettings":null,"timeoutSeconds":null,"serviceAccountEmail":null,"availableMemory":"256Mi","minInstanceCount":null,"maxInstanceCount":null,"maxInstanceRequestConcurrency":80,"availableCpu":"1","vpcConnector":null,"vpcConnectorEgressSettings":null},"labels":{"deployment-tool":"cli-firebase","deployment-callable":"true","firebase-functions-hash":"fe36913f4d9fd9533877ae07ff0f752d19035037"}}
[debug] [2025-12-26T08:22:49.007Z] <<< [apiv2][status] POST https://cloudfunctions.googleapis.com/v2/projects/spend-flow-82e37/locations/us-central1/functions 200
[debug] [2025-12-26T08:22:49.007Z] <<< [apiv2][body] POST https://cloudfunctions.googleapis.com/v2/projects/spend-flow-82e37/locations/us-central1/functions {"name":"projects/spend-flow-82e37/locations/us-central1/operations/operation-1766737367411-646d6993229a7-ee764f86-bd196612","metadata":{"@type":"type.googleapis.com/google.cloud.functions.v2.OperationMetadata","createTime":"2025-12-26T08:22:48.823394073Z","target":"projects/spend-flow-82e37/locations/us-central1/functions/analyzeReceiptImage","verb":"create","cancelRequested":false,"apiVersion":"v2"},"done":false}
[debug] [2025-12-26T08:22:49.007Z] Checked if tokens are valid: true, expires at: 1766740892755
[debug] [2025-12-26T08:22:49.007Z] Checked if tokens are valid: true, expires at: 1766740892755
[debug] [2025-12-26T08:22:49.007Z] >>> [apiv2][query] GET https://cloudfunctions.googleapis.com/v2/projects/spend-flow-82e37/locations/us-central1/operations/operation-1766737367411-646d6993229a7-ee764f86-bd196612 [none]
[debug] [2025-12-26T08:22:49.886Z] <<< [apiv2][status] POST https://cloudfunctions.googleapis.com/v2/projects/spend-flow-82e37/locations/us-central1/functions 500
[debug] [2025-12-26T08:22:49.886Z] <<< [apiv2][body] POST https://cloudfunctions.googleapis.com/v2/projects/spend-flow-82e37/locations/us-central1/functions {"error":{"code":500,"message":"Could not create Cloud Run service analyzetransactiontext. The service has encountered an internal error. Please try again later","status":"INTERNAL"}}
[warn] ⚠  functions: Request to https://cloudfunctions.googleapis.com/v2/projects/spend-flow-82e37/locations/us-central1/functions?functionId=analyzeTransactionText had HTTP Error: 500, Could not create Cloud Run service analyzetransactiontext. The service has encountered an internal error. Please try again later 
[warn] ⚠  functions:  failed to create function projects/spend-flow-82e37/locations/us-central1/functions/analyzeTransactionText 
[error] Failed to create function projects/spend-flow-82e37/locations/us-central1/functions/analyzeTransactionText
[debug] [2025-12-26T08:22:50.215Z] <<< [apiv2][status] GET https://cloudfunctions.googleapis.com/v2/projects/spend-flow-82e37/locations/us-central1/operations/operation-1766737367411-646d6993229a7-ee764f86-bd196612 200
[debug] [2025-12-26T08:22:50.215Z] <<< [apiv2][body] GET https://cloudfunctions.googleapis.com/v2/projects/spend-flow-82e37/locations/us-central1/operations/operation-1766737367411-646d6993229a7-ee764f86-bd196612 {"name":"projects/spend-flow-82e37/locations/us-central1/operations/operation-1766737367411-646d6993229a7-ee764f86-bd196612","metadata":{"@type":"type.googleapis.com/google.cloud.functions.v2.OperationMetadata","createTime":"2025-12-26T08:22:48.823394073Z","target":"projects/spend-flow-82e37/locations/us-central1/functions/analyzeReceiptImage","verb":"create","cancelRequested":false,"apiVersion":"v2","requestResource":{"@type":"type.googleapis.com/google.cloud.functions.v2.Function","name":"projects/spend-flow-82e37/locations/us-central1/functions/analyzeReceiptImage","buildConfig":{"runtime":"nodejs24","entryPoint":"analyzeReceiptImage","source":{"storageSource":{"bucket":"gcf-v2-sources-586343572662-us-central1","object":"analyzeReceiptImage/function-source.zip","generation":"1766737368129633"}},"environmentVariables":{"GOOGLE_NODE_RUN_SCRIPTS":""},"serviceAccount":"projects/spend-flow-82e37/serviceAccounts/586343572662-compute@developer.gserviceaccount.com","automaticUpdatePolicy":{}},"serviceConfig":{"service":"projects/spend-flow-82e37/locations/us-central1/services/analyzereceiptimage","timeoutSeconds":60,"environmentVariables":{"GEMINI_API_KEY":"AIzaSyDtNj504v-TsQY29gsCf_XIZhSQnneca1U","FIREBASE_CONFIG":"{\"projectId\":\"spend-flow-82e37\",\"storageBucket\":\"spend-flow-82e37.firebasestorage.app\"}","GCLOUD_PROJECT":"spend-flow-82e37","EVENTARC_CLOUD_EVENT_SOURCE":"projects/spend-flow-82e37/locations/us-central1/services/analyzeReceiptImage","FUNCTION_TARGET":"analyzeReceiptImage","LOG_EXECUTION_ID":"true"},"ingressSettings":"ALLOW_ALL","serviceAccountEmail":"586343572662-compute@developer.gserviceaccount.com","availableMemory":"256Mi","maxInstanceRequestConcurrency":80,"availableCpu":"1"},"labels":{"deployment-tool":"cli-firebase","deployment-callable":"true","firebase-functions-hash":"fe36913f4d9fd9533877ae07ff0f752d19035037"},"environment":"GEN_2"},"stages":[{"name":"BUILD","state":"NOT_STARTED"},{"name":"SERVICE","state":"NOT_STARTED"}],"operationType":"CREATE_FUNCTION"},"done":false}
[debug] [2025-12-26T08:22:50.718Z] [create-default-us-central1-analyzeReceiptImage] Retrying task index 0
[debug] [2025-12-26T08:22:50.719Z] Checked if tokens are valid: true, expires at: 1766740892755
[debug] [2025-12-26T08:22:50.719Z] Checked if tokens are valid: true, expires at: 1766740892755
[debug] [2025-12-26T08:22:50.719Z] >>> [apiv2][query] GET https://cloudfunctions.googleapis.com/v2/projects/spend-flow-82e37/locations/us-central1/operations/operation-1766737367411-646d6993229a7-ee764f86-bd196612 [none]
[debug] [2025-12-26T08:22:51.995Z] <<< [apiv2][status] GET https://cloudfunctions.googleapis.com/v2/projects/spend-flow-82e37/locations/us-central1/operations/operation-1766737367411-646d6993229a7-ee764f86-bd196612 200
[debug] [2025-12-26T08:22:51.995Z] <<< [apiv2][body] GET https://cloudfunctions.googleapis.com/v2/projects/spend-flow-82e37/locations/us-central1/operations/operation-1766737367411-646d6993229a7-ee764f86-bd196612 {"name":"projects/spend-flow-82e37/locations/us-central1/operations/operation-1766737367411-646d6993229a7-ee764f86-bd196612","metadata":{"@type":"type.googleapis.com/google.cloud.functions.v2.OperationMetadata","createTime":"2025-12-26T08:22:48.823394073Z","target":"projects/spend-flow-82e37/locations/us-central1/functions/analyzeReceiptImage","verb":"create","cancelRequested":false,"apiVersion":"v2","requestResource":{"@type":"type.googleapis.com/google.cloud.functions.v2.Function","name":"projects/spend-flow-82e37/locations/us-central1/functions/analyzeReceiptImage","buildConfig":{"runtime":"nodejs24","entryPoint":"analyzeReceiptImage","source":{"storageSource":{"bucket":"gcf-v2-sources-586343572662-us-central1","object":"analyzeReceiptImage/function-source.zip","generation":"1766737368129633"}},"environmentVariables":{"GOOGLE_NODE_RUN_SCRIPTS":""},"serviceAccount":"projects/spend-flow-82e37/serviceAccounts/586343572662-compute@developer.gserviceaccount.com","automaticUpdatePolicy":{}},"serviceConfig":{"service":"projects/spend-flow-82e37/locations/us-central1/services/analyzereceiptimage","timeoutSeconds":60,"environmentVariables":{"GEMINI_API_KEY":"AIzaSyDtNj504v-TsQY29gsCf_XIZhSQnneca1U","FIREBASE_CONFIG":"{\"projectId\":\"spend-flow-82e37\",\"storageBucket\":\"spend-flow-82e37.firebasestorage.app\"}","GCLOUD_PROJECT":"spend-flow-82e37","EVENTARC_CLOUD_EVENT_SOURCE":"projects/spend-flow-82e37/locations/us-central1/services/analyzeReceiptImage","FUNCTION_TARGET":"analyzeReceiptImage","LOG_EXECUTION_ID":"true"},"ingressSettings":"ALLOW_ALL","serviceAccountEmail":"586343572662-compute@developer.gserviceaccount.com","availableMemory":"256Mi","maxInstanceRequestConcurrency":80,"availableCpu":"1"},"labels":{"deployment-tool":"cli-firebase","deployment-callable":"true","firebase-functions-hash":"fe36913f4d9fd9533877ae07ff0f752d19035037"},"environment":"GEN_2"},"stages":[{"name":"BUILD","state":"NOT_STARTED"},{"name":"SERVICE","state":"NOT_STARTED"}],"operationType":"CREATE_FUNCTION"},"done":false}
[debug] [2025-12-26T08:22:52.997Z] [create-default-us-central1-analyzeReceiptImage] Retrying task index 0
[debug] [2025-12-26T08:22:52.998Z] Checked if tokens are valid: true, expires at: 1766740892755
[debug] [2025-12-26T08:22:52.998Z] Checked if tokens are valid: true, expires at: 1766740892755
[debug] [2025-12-26T08:22:52.998Z] >>> [apiv2][query] GET https://cloudfunctions.googleapis.com/v2/projects/spend-flow-82e37/locations/us-central1/operations/operation-1766737367411-646d6993229a7-ee764f86-bd196612 [none]
[debug] [2025-12-26T08:22:54.250Z] <<< [apiv2][status] GET https://cloudfunctions.googleapis.com/v2/projects/spend-flow-82e37/locations/us-central1/operations/operation-1766737367411-646d6993229a7-ee764f86-bd196612 200
[debug] [2025-12-26T08:22:54.250Z] <<< [apiv2][body] GET https://cloudfunctions.googleapis.com/v2/projects/spend-flow-82e37/locations/us-central1/operations/operation-1766737367411-646d6993229a7-ee764f86-bd196612 {"name":"projects/spend-flow-82e37/locations/us-central1/operations/operation-1766737367411-646d6993229a7-ee764f86-bd196612","metadata":{"@type":"type.googleapis.com/google.cloud.functions.v2.OperationMetadata","createTime":"2025-12-26T08:22:48.823394073Z","target":"projects/spend-flow-82e37/locations/us-central1/functions/analyzeReceiptImage","verb":"create","cancelRequested":false,"apiVersion":"v2","requestResource":{"@type":"type.googleapis.com/google.cloud.functions.v2.Function","name":"projects/spend-flow-82e37/locations/us-central1/functions/analyzeReceiptImage","buildConfig":{"runtime":"nodejs24","entryPoint":"analyzeReceiptImage","source":{"storageSource":{"bucket":"gcf-v2-sources-586343572662-us-central1","object":"analyzeReceiptImage/function-source.zip","generation":"1766737368129633"}},"environmentVariables":{"GOOGLE_NODE_RUN_SCRIPTS":""},"serviceAccount":"projects/spend-flow-82e37/serviceAccounts/586343572662-compute@developer.gserviceaccount.com","automaticUpdatePolicy":{}},"serviceConfig":{"service":"projects/spend-flow-82e37/locations/us-central1/services/analyzereceiptimage","timeoutSeconds":60,"environmentVariables":{"GEMINI_API_KEY":"AIzaSyDtNj504v-TsQY29gsCf_XIZhSQnneca1U","FIREBASE_CONFIG":"{\"projectId\":\"spend-flow-82e37\",\"storageBucket\":\"spend-flow-82e37.firebasestorage.app\"}","GCLOUD_PROJECT":"spend-flow-82e37","EVENTARC_CLOUD_EVENT_SOURCE":"projects/spend-flow-82e37/locations/us-central1/services/analyzeReceiptImage","FUNCTION_TARGET":"analyzeReceiptImage","LOG_EXECUTION_ID":"true"},"ingressSettings":"ALLOW_ALL","serviceAccountEmail":"586343572662-compute@developer.gserviceaccount.com","availableMemory":"256Mi","maxInstanceRequestConcurrency":80,"availableCpu":"1"},"labels":{"deployment-tool":"cli-firebase","deployment-callable":"true","firebase-functions-hash":"fe36913f4d9fd9533877ae07ff0f752d19035037"},"environment":"GEN_2"},"stages":[{"name":"BUILD","state":"NOT_STARTED"},{"name":"SERVICE","state":"NOT_STARTED"}],"operationType":"CREATE_FUNCTION"},"done":false}
[debug] [2025-12-26T08:22:56.250Z] [create-default-us-central1-analyzeReceiptImage] Retrying task index 0
[debug] [2025-12-26T08:22:56.251Z] Checked if tokens are valid: true, expires at: 1766740892755
[debug] [2025-12-26T08:22:56.251Z] Checked if tokens are valid: true, expires at: 1766740892755
[debug] [2025-12-26T08:22:56.251Z] >>> [apiv2][query] GET https://cloudfunctions.googleapis.com/v2/projects/spend-flow-82e37/locations/us-central1/operations/operation-1766737367411-646d6993229a7-ee764f86-bd196612 [none]
[debug] [2025-12-26T08:22:57.582Z] <<< [apiv2][status] GET https://cloudfunctions.googleapis.com/v2/projects/spend-flow-82e37/locations/us-central1/operations/operation-1766737367411-646d6993229a7-ee764f86-bd196612 200
[debug] [2025-12-26T08:22:57.582Z] <<< [apiv2][body] GET https://cloudfunctions.googleapis.com/v2/projects/spend-flow-82e37/locations/us-central1/operations/operation-1766737367411-646d6993229a7-ee764f86-bd196612 {"name":"projects/spend-flow-82e37/locations/us-central1/operations/operation-1766737367411-646d6993229a7-ee764f86-bd196612","metadata":{"@type":"type.googleapis.com/google.cloud.functions.v2.OperationMetadata","createTime":"2025-12-26T08:22:48.823394073Z","target":"projects/spend-flow-82e37/locations/us-central1/functions/analyzeReceiptImage","verb":"create","cancelRequested":false,"apiVersion":"v2","requestResource":{"@type":"type.googleapis.com/google.cloud.functions.v2.Function","name":"projects/spend-flow-82e37/locations/us-central1/functions/analyzeReceiptImage","buildConfig":{"runtime":"nodejs24","entryPoint":"analyzeReceiptImage","source":{"storageSource":{"bucket":"gcf-v2-sources-586343572662-us-central1","object":"analyzeReceiptImage/function-source.zip","generation":"1766737368129633"}},"environmentVariables":{"GOOGLE_NODE_RUN_SCRIPTS":""},"serviceAccount":"projects/spend-flow-82e37/serviceAccounts/586343572662-compute@developer.gserviceaccount.com","automaticUpdatePolicy":{}},"serviceConfig":{"service":"projects/spend-flow-82e37/locations/us-central1/services/analyzereceiptimage","timeoutSeconds":60,"environmentVariables":{"GEMINI_API_KEY":"AIzaSyDtNj504v-TsQY29gsCf_XIZhSQnneca1U","FIREBASE_CONFIG":"{\"projectId\":\"spend-flow-82e37\",\"storageBucket\":\"spend-flow-82e37.firebasestorage.app\"}","GCLOUD_PROJECT":"spend-flow-82e37","EVENTARC_CLOUD_EVENT_SOURCE":"projects/spend-flow-82e37/locations/us-central1/services/analyzeReceiptImage","FUNCTION_TARGET":"analyzeReceiptImage","LOG_EXECUTION_ID":"true"},"ingressSettings":"ALLOW_ALL","serviceAccountEmail":"586343572662-compute@developer.gserviceaccount.com","availableMemory":"256Mi","maxInstanceRequestConcurrency":80,"availableCpu":"1"},"labels":{"deployment-tool":"cli-firebase","deployment-callable":"true","firebase-functions-hash":"fe36913f4d9fd9533877ae07ff0f752d19035037"},"environment":"GEN_2"},"stages":[{"name":"BUILD","state":"NOT_STARTED"},{"name":"SERVICE","state":"NOT_STARTED"}],"operationType":"CREATE_FUNCTION"},"done":false}
[debug] [2025-12-26T08:23:01.584Z] [create-default-us-central1-analyzeReceiptImage] Retrying task index 0
[debug] [2025-12-26T08:23:01.585Z] Checked if tokens are valid: true, expires at: 1766740892755
[debug] [2025-12-26T08:23:01.586Z] Checked if tokens are valid: true, expires at: 1766740892755
[debug] [2025-12-26T08:23:01.586Z] >>> [apiv2][query] GET https://cloudfunctions.googleapis.com/v2/projects/spend-flow-82e37/locations/us-central1/operations/operation-1766737367411-646d6993229a7-ee764f86-bd196612 [none]
[debug] [2025-12-26T08:23:02.850Z] <<< [apiv2][status] GET https://cloudfunctions.googleapis.com/v2/projects/spend-flow-82e37/locations/us-central1/operations/operation-1766737367411-646d6993229a7-ee764f86-bd196612 200
[debug] [2025-12-26T08:23:02.850Z] <<< [apiv2][body] GET https://cloudfunctions.googleapis.com/v2/projects/spend-flow-82e37/locations/us-central1/operations/operation-1766737367411-646d6993229a7-ee764f86-bd196612 {"name":"projects/spend-flow-82e37/locations/us-central1/operations/operation-1766737367411-646d6993229a7-ee764f86-bd196612","metadata":{"@type":"type.googleapis.com/google.cloud.functions.v2.OperationMetadata","createTime":"2025-12-26T08:22:48.823394073Z","target":"projects/spend-flow-82e37/locations/us-central1/functions/analyzeReceiptImage","verb":"create","cancelRequested":false,"apiVersion":"v2","requestResource":{"@type":"type.googleapis.com/google.cloud.functions.v2.Function","name":"projects/spend-flow-82e37/locations/us-central1/functions/analyzeReceiptImage","buildConfig":{"runtime":"nodejs24","entryPoint":"analyzeReceiptImage","source":{"storageSource":{"bucket":"gcf-v2-sources-586343572662-us-central1","object":"analyzeReceiptImage/function-source.zip","generation":"1766737368129633"}},"environmentVariables":{"GOOGLE_NODE_RUN_SCRIPTS":""},"serviceAccount":"projects/spend-flow-82e37/serviceAccounts/586343572662-compute@developer.gserviceaccount.com","automaticUpdatePolicy":{}},"serviceConfig":{"service":"projects/spend-flow-82e37/locations/us-central1/services/analyzereceiptimage","timeoutSeconds":60,"environmentVariables":{"GEMINI_API_KEY":"AIzaSyDtNj504v-TsQY29gsCf_XIZhSQnneca1U","FIREBASE_CONFIG":"{\"projectId\":\"spend-flow-82e37\",\"storageBucket\":\"spend-flow-82e37.firebasestorage.app\"}","GCLOUD_PROJECT":"spend-flow-82e37","EVENTARC_CLOUD_EVENT_SOURCE":"projects/spend-flow-82e37/locations/us-central1/services/analyzeReceiptImage","FUNCTION_TARGET":"analyzeReceiptImage","LOG_EXECUTION_ID":"true"},"ingressSettings":"ALLOW_ALL","serviceAccountEmail":"586343572662-compute@developer.gserviceaccount.com","availableMemory":"256Mi","maxInstanceRequestConcurrency":80,"availableCpu":"1"},"labels":{"deployment-tool":"cli-firebase","deployment-callable":"true","firebase-functions-hash":"fe36913f4d9fd9533877ae07ff0f752d19035037"},"environment":"GEN_2"},"stages":[{"name":"BUILD","message":"Build in progress","state":"IN_PROGRESS","resource":"projects/586343572662/locations/us-central1/builds/723b188e-703b-4283-9a92-1bf17e57def6","resourceUri":"https://console.cloud.google.com/cloud-build/builds;region=us-central1/723b188e-703b-4283-9a92-1bf17e57def6?project=586343572662"},{"name":"SERVICE","state":"NOT_STARTED"}],"operationType":"CREATE_FUNCTION","buildName":"projects/586343572662/locations/us-central1/builds/723b188e-703b-4283-9a92-1bf17e57def6"},"done":false}
[debug] [2025-12-26T08:23:10.853Z] [create-default-us-central1-analyzeReceiptImage] Retrying task index 0
[debug] [2025-12-26T08:23:10.855Z] Checked if tokens are valid: true, expires at: 1766740892755
[debug] [2025-12-26T08:23:10.855Z] Checked if tokens are valid: true, expires at: 1766740892755
[debug] [2025-12-26T08:23:10.856Z] >>> [apiv2][query] GET https://cloudfunctions.googleapis.com/v2/projects/spend-flow-82e37/locations/us-central1/operations/operation-1766737367411-646d6993229a7-ee764f86-bd196612 [none]
[debug] [2025-12-26T08:23:12.327Z] <<< [apiv2][status] GET https://cloudfunctions.googleapis.com/v2/projects/spend-flow-82e37/locations/us-central1/operations/operation-1766737367411-646d6993229a7-ee764f86-bd196612 200
[debug] [2025-12-26T08:23:12.327Z] <<< [apiv2][body] GET https://cloudfunctions.googleapis.com/v2/projects/spend-flow-82e37/locations/us-central1/operations/operation-1766737367411-646d6993229a7-ee764f86-bd196612 {"name":"projects/spend-flow-82e37/locations/us-central1/operations/operation-1766737367411-646d6993229a7-ee764f86-bd196612","metadata":{"@type":"type.googleapis.com/google.cloud.functions.v2.OperationMetadata","createTime":"2025-12-26T08:22:48.823394073Z","target":"projects/spend-flow-82e37/locations/us-central1/functions/analyzeReceiptImage","verb":"create","cancelRequested":false,"apiVersion":"v2","requestResource":{"@type":"type.googleapis.com/google.cloud.functions.v2.Function","name":"projects/spend-flow-82e37/locations/us-central1/functions/analyzeReceiptImage","buildConfig":{"runtime":"nodejs24","entryPoint":"analyzeReceiptImage","source":{"storageSource":{"bucket":"gcf-v2-sources-586343572662-us-central1","object":"analyzeReceiptImage/function-source.zip","generation":"1766737368129633"}},"environmentVariables":{"GOOGLE_NODE_RUN_SCRIPTS":""},"serviceAccount":"projects/spend-flow-82e37/serviceAccounts/586343572662-compute@developer.gserviceaccount.com","automaticUpdatePolicy":{}},"serviceConfig":{"service":"projects/spend-flow-82e37/locations/us-central1/services/analyzereceiptimage","timeoutSeconds":60,"environmentVariables":{"GEMINI_API_KEY":"AIzaSyDtNj504v-TsQY29gsCf_XIZhSQnneca1U","FIREBASE_CONFIG":"{\"projectId\":\"spend-flow-82e37\",\"storageBucket\":\"spend-flow-82e37.firebasestorage.app\"}","GCLOUD_PROJECT":"spend-flow-82e37","EVENTARC_CLOUD_EVENT_SOURCE":"projects/spend-flow-82e37/locations/us-central1/services/analyzeReceiptImage","FUNCTION_TARGET":"analyzeReceiptImage","LOG_EXECUTION_ID":"true"},"ingressSettings":"ALLOW_ALL","serviceAccountEmail":"586343572662-compute@developer.gserviceaccount.com","availableMemory":"256Mi","maxInstanceRequestConcurrency":80,"availableCpu":"1"},"labels":{"deployment-tool":"cli-firebase","deployment-callable":"true","firebase-functions-hash":"fe36913f4d9fd9533877ae07ff0f752d19035037"},"environment":"GEN_2"},"stages":[{"name":"BUILD","message":"Build in progress","state":"IN_PROGRESS","resource":"projects/586343572662/locations/us-central1/builds/723b188e-703b-4283-9a92-1bf17e57def6","resourceUri":"https://console.cloud.google.com/cloud-build/builds;region=us-central1/723b188e-703b-4283-9a92-1bf17e57def6?project=586343572662"},{"name":"SERVICE","state":"NOT_STARTED"}],"operationType":"CREATE_FUNCTION","buildName":"projects/586343572662/locations/us-central1/builds/723b188e-703b-4283-9a92-1bf17e57def6"},"done":false}
[debug] [2025-12-26T08:23:22.328Z] [create-default-us-central1-analyzeReceiptImage] Retrying task index 0
[debug] [2025-12-26T08:23:22.333Z] Checked if tokens are valid: true, expires at: 1766740892755
[debug] [2025-12-26T08:23:22.333Z] Checked if tokens are valid: true, expires at: 1766740892755
[debug] [2025-12-26T08:23:22.333Z] >>> [apiv2][query] GET https://cloudfunctions.googleapis.com/v2/projects/spend-flow-82e37/locations/us-central1/operations/operation-1766737367411-646d6993229a7-ee764f86-bd196612 [none]
[debug] [2025-12-26T08:23:23.658Z] <<< [apiv2][status] GET https://cloudfunctions.googleapis.com/v2/projects/spend-flow-82e37/locations/us-central1/operations/operation-1766737367411-646d6993229a7-ee764f86-bd196612 200
[debug] [2025-12-26T08:23:23.659Z] <<< [apiv2][body] GET https://cloudfunctions.googleapis.com/v2/projects/spend-flow-82e37/locations/us-central1/operations/operation-1766737367411-646d6993229a7-ee764f86-bd196612 {"name":"projects/spend-flow-82e37/locations/us-central1/operations/operation-1766737367411-646d6993229a7-ee764f86-bd196612","metadata":{"@type":"type.googleapis.com/google.cloud.functions.v2.OperationMetadata","createTime":"2025-12-26T08:22:48.823394073Z","target":"projects/spend-flow-82e37/locations/us-central1/functions/analyzeReceiptImage","verb":"create","cancelRequested":false,"apiVersion":"v2","requestResource":{"@type":"type.googleapis.com/google.cloud.functions.v2.Function","name":"projects/spend-flow-82e37/locations/us-central1/functions/analyzeReceiptImage","buildConfig":{"runtime":"nodejs24","entryPoint":"analyzeReceiptImage","source":{"storageSource":{"bucket":"gcf-v2-sources-586343572662-us-central1","object":"analyzeReceiptImage/function-source.zip","generation":"1766737368129633"}},"environmentVariables":{"GOOGLE_NODE_RUN_SCRIPTS":""},"serviceAccount":"projects/spend-flow-82e37/serviceAccounts/586343572662-compute@developer.gserviceaccount.com","automaticUpdatePolicy":{}},"serviceConfig":{"service":"projects/spend-flow-82e37/locations/us-central1/services/analyzereceiptimage","timeoutSeconds":60,"environmentVariables":{"GEMINI_API_KEY":"AIzaSyDtNj504v-TsQY29gsCf_XIZhSQnneca1U","FIREBASE_CONFIG":"{\"projectId\":\"spend-flow-82e37\",\"storageBucket\":\"spend-flow-82e37.firebasestorage.app\"}","GCLOUD_PROJECT":"spend-flow-82e37","EVENTARC_CLOUD_EVENT_SOURCE":"projects/spend-flow-82e37/locations/us-central1/services/analyzeReceiptImage","FUNCTION_TARGET":"analyzeReceiptImage","LOG_EXECUTION_ID":"true"},"ingressSettings":"ALLOW_ALL","serviceAccountEmail":"586343572662-compute@developer.gserviceaccount.com","availableMemory":"256Mi","maxInstanceRequestConcurrency":80,"availableCpu":"1"},"labels":{"deployment-tool":"cli-firebase","deployment-callable":"true","firebase-functions-hash":"fe36913f4d9fd9533877ae07ff0f752d19035037"},"environment":"GEN_2"},"stages":[{"name":"BUILD","message":"Build in progress","state":"IN_PROGRESS","resource":"projects/586343572662/locations/us-central1/builds/723b188e-703b-4283-9a92-1bf17e57def6","resourceUri":"https://console.cloud.google.com/cloud-build/builds;region=us-central1/723b188e-703b-4283-9a92-1bf17e57def6?project=586343572662"},{"name":"SERVICE","state":"NOT_STARTED"}],"operationType":"CREATE_FUNCTION","buildName":"projects/586343572662/locations/us-central1/builds/723b188e-703b-4283-9a92-1bf17e57def6"},"done":false}
[debug] [2025-12-26T08:23:33.662Z] [create-default-us-central1-analyzeReceiptImage] Retrying task index 0
[debug] [2025-12-26T08:23:33.669Z] Checked if tokens are valid: true, expires at: 1766740892755
[debug] [2025-12-26T08:23:33.669Z] Checked if tokens are valid: true, expires at: 1766740892755
[debug] [2025-12-26T08:23:33.669Z] >>> [apiv2][query] GET https://cloudfunctions.googleapis.com/v2/projects/spend-flow-82e37/locations/us-central1/operations/operation-1766737367411-646d6993229a7-ee764f86-bd196612 [none]
[debug] [2025-12-26T08:23:35.145Z] <<< [apiv2][status] GET https://cloudfunctions.googleapis.com/v2/projects/spend-flow-82e37/locations/us-central1/operations/operation-1766737367411-646d6993229a7-ee764f86-bd196612 200
[debug] [2025-12-26T08:23:35.145Z] <<< [apiv2][body] GET https://cloudfunctions.googleapis.com/v2/projects/spend-flow-82e37/locations/us-central1/operations/operation-1766737367411-646d6993229a7-ee764f86-bd196612 {"name":"projects/spend-flow-82e37/locations/us-central1/operations/operation-1766737367411-646d6993229a7-ee764f86-bd196612","metadata":{"@type":"type.googleapis.com/google.cloud.functions.v2.OperationMetadata","createTime":"2025-12-26T08:22:48.823394073Z","target":"projects/spend-flow-82e37/locations/us-central1/functions/analyzeReceiptImage","verb":"create","cancelRequested":false,"apiVersion":"v2","requestResource":{"@type":"type.googleapis.com/google.cloud.functions.v2.Function","name":"projects/spend-flow-82e37/locations/us-central1/functions/analyzeReceiptImage","buildConfig":{"runtime":"nodejs24","entryPoint":"analyzeReceiptImage","source":{"storageSource":{"bucket":"gcf-v2-sources-586343572662-us-central1","object":"analyzeReceiptImage/function-source.zip","generation":"1766737368129633"}},"environmentVariables":{"GOOGLE_NODE_RUN_SCRIPTS":""},"serviceAccount":"projects/spend-flow-82e37/serviceAccounts/586343572662-compute@developer.gserviceaccount.com","automaticUpdatePolicy":{}},"serviceConfig":{"service":"projects/spend-flow-82e37/locations/us-central1/services/analyzereceiptimage","timeoutSeconds":60,"environmentVariables":{"GEMINI_API_KEY":"AIzaSyDtNj504v-TsQY29gsCf_XIZhSQnneca1U","FIREBASE_CONFIG":"{\"projectId\":\"spend-flow-82e37\",\"storageBucket\":\"spend-flow-82e37.firebasestorage.app\"}","GCLOUD_PROJECT":"spend-flow-82e37","EVENTARC_CLOUD_EVENT_SOURCE":"projects/spend-flow-82e37/locations/us-central1/services/analyzeReceiptImage","FUNCTION_TARGET":"analyzeReceiptImage","LOG_EXECUTION_ID":"true"},"ingressSettings":"ALLOW_ALL","serviceAccountEmail":"586343572662-compute@developer.gserviceaccount.com","availableMemory":"256Mi","maxInstanceRequestConcurrency":80,"availableCpu":"1"},"labels":{"deployment-tool":"cli-firebase","deployment-callable":"true","firebase-functions-hash":"fe36913f4d9fd9533877ae07ff0f752d19035037"},"environment":"GEN_2"},"stages":[{"name":"BUILD","message":"Build in progress","state":"IN_PROGRESS","resource":"projects/586343572662/locations/us-central1/builds/723b188e-703b-4283-9a92-1bf17e57def6","resourceUri":"https://console.cloud.google.com/cloud-build/builds;region=us-central1/723b188e-703b-4283-9a92-1bf17e57def6?project=586343572662"},{"name":"SERVICE","state":"NOT_STARTED"}],"operationType":"CREATE_FUNCTION","buildName":"projects/586343572662/locations/us-central1/builds/723b188e-703b-4283-9a92-1bf17e57def6"},"done":false}
[debug] [2025-12-26T08:23:45.148Z] [create-default-us-central1-analyzeReceiptImage] Retrying task index 0
[debug] [2025-12-26T08:23:45.149Z] Checked if tokens are valid: true, expires at: 1766740892755
[debug] [2025-12-26T08:23:45.149Z] Checked if tokens are valid: true, expires at: 1766740892755
[debug] [2025-12-26T08:23:45.150Z] >>> [apiv2][query] GET https://cloudfunctions.googleapis.com/v2/projects/spend-flow-82e37/locations/us-central1/operations/operation-1766737367411-646d6993229a7-ee764f86-bd196612 [none]
[debug] [2025-12-26T08:23:46.488Z] <<< [apiv2][status] GET https://cloudfunctions.googleapis.com/v2/projects/spend-flow-82e37/locations/us-central1/operations/operation-1766737367411-646d6993229a7-ee764f86-bd196612 200
[debug] [2025-12-26T08:23:46.489Z] <<< [apiv2][body] GET https://cloudfunctions.googleapis.com/v2/projects/spend-flow-82e37/locations/us-central1/operations/operation-1766737367411-646d6993229a7-ee764f86-bd196612 {"name":"projects/spend-flow-82e37/locations/us-central1/operations/operation-1766737367411-646d6993229a7-ee764f86-bd196612","metadata":{"@type":"type.googleapis.com/google.cloud.functions.v2.OperationMetadata","createTime":"2025-12-26T08:22:48.823394073Z","target":"projects/spend-flow-82e37/locations/us-central1/functions/analyzeReceiptImage","verb":"create","cancelRequested":false,"apiVersion":"v2","requestResource":{"@type":"type.googleapis.com/google.cloud.functions.v2.Function","name":"projects/spend-flow-82e37/locations/us-central1/functions/analyzeReceiptImage","buildConfig":{"runtime":"nodejs24","entryPoint":"analyzeReceiptImage","source":{"storageSource":{"bucket":"gcf-v2-sources-586343572662-us-central1","object":"analyzeReceiptImage/function-source.zip","generation":"1766737368129633"}},"environmentVariables":{"GOOGLE_NODE_RUN_SCRIPTS":""},"serviceAccount":"projects/spend-flow-82e37/serviceAccounts/586343572662-compute@developer.gserviceaccount.com","automaticUpdatePolicy":{}},"serviceConfig":{"service":"projects/spend-flow-82e37/locations/us-central1/services/analyzereceiptimage","timeoutSeconds":60,"environmentVariables":{"GEMINI_API_KEY":"AIzaSyDtNj504v-TsQY29gsCf_XIZhSQnneca1U","FIREBASE_CONFIG":"{\"projectId\":\"spend-flow-82e37\",\"storageBucket\":\"spend-flow-82e37.firebasestorage.app\"}","GCLOUD_PROJECT":"spend-flow-82e37","EVENTARC_CLOUD_EVENT_SOURCE":"projects/spend-flow-82e37/locations/us-central1/services/analyzeReceiptImage","FUNCTION_TARGET":"analyzeReceiptImage","LOG_EXECUTION_ID":"true"},"ingressSettings":"ALLOW_ALL","serviceAccountEmail":"586343572662-compute@developer.gserviceaccount.com","availableMemory":"256Mi","maxInstanceRequestConcurrency":80,"availableCpu":"1"},"labels":{"deployment-tool":"cli-firebase","deployment-callable":"true","firebase-functions-hash":"fe36913f4d9fd9533877ae07ff0f752d19035037"},"environment":"GEN_2"},"stages":[{"name":"BUILD","message":"Build in progress","state":"IN_PROGRESS","resource":"projects/586343572662/locations/us-central1/builds/723b188e-703b-4283-9a92-1bf17e57def6","resourceUri":"https://console.cloud.google.com/cloud-build/builds;region=us-central1/723b188e-703b-4283-9a92-1bf17e57def6?project=586343572662"},{"name":"SERVICE","state":"NOT_STARTED"}],"operationType":"CREATE_FUNCTION","buildName":"projects/586343572662/locations/us-central1/builds/723b188e-703b-4283-9a92-1bf17e57def6"},"done":false}
[debug] [2025-12-26T08:23:56.491Z] [create-default-us-central1-analyzeReceiptImage] Retrying task index 0
[debug] [2025-12-26T08:23:56.493Z] Checked if tokens are valid: true, expires at: 1766740892755
[debug] [2025-12-26T08:23:56.493Z] Checked if tokens are valid: true, expires at: 1766740892755
[debug] [2025-12-26T08:23:56.493Z] >>> [apiv2][query] GET https://cloudfunctions.googleapis.com/v2/projects/spend-flow-82e37/locations/us-central1/operations/operation-1766737367411-646d6993229a7-ee764f86-bd196612 [none]
[debug] [2025-12-26T08:23:57.945Z] <<< [apiv2][status] GET https://cloudfunctions.googleapis.com/v2/projects/spend-flow-82e37/locations/us-central1/operations/operation-1766737367411-646d6993229a7-ee764f86-bd196612 200
[debug] [2025-12-26T08:23:57.945Z] <<< [apiv2][body] GET https://cloudfunctions.googleapis.com/v2/projects/spend-flow-82e37/locations/us-central1/operations/operation-1766737367411-646d6993229a7-ee764f86-bd196612 {"name":"projects/spend-flow-82e37/locations/us-central1/operations/operation-1766737367411-646d6993229a7-ee764f86-bd196612","metadata":{"@type":"type.googleapis.com/google.cloud.functions.v2.OperationMetadata","createTime":"2025-12-26T08:22:48.823394073Z","target":"projects/spend-flow-82e37/locations/us-central1/functions/analyzeReceiptImage","verb":"create","cancelRequested":false,"apiVersion":"v2","requestResource":{"@type":"type.googleapis.com/google.cloud.functions.v2.Function","name":"projects/spend-flow-82e37/locations/us-central1/functions/analyzeReceiptImage","buildConfig":{"runtime":"nodejs24","entryPoint":"analyzeReceiptImage","source":{"storageSource":{"bucket":"gcf-v2-sources-586343572662-us-central1","object":"analyzeReceiptImage/function-source.zip","generation":"1766737368129633"}},"environmentVariables":{"GOOGLE_NODE_RUN_SCRIPTS":""},"serviceAccount":"projects/spend-flow-82e37/serviceAccounts/586343572662-compute@developer.gserviceaccount.com","automaticUpdatePolicy":{}},"serviceConfig":{"service":"projects/spend-flow-82e37/locations/us-central1/services/analyzereceiptimage","timeoutSeconds":60,"environmentVariables":{"GEMINI_API_KEY":"AIzaSyDtNj504v-TsQY29gsCf_XIZhSQnneca1U","FIREBASE_CONFIG":"{\"projectId\":\"spend-flow-82e37\",\"storageBucket\":\"spend-flow-82e37.firebasestorage.app\"}","GCLOUD_PROJECT":"spend-flow-82e37","EVENTARC_CLOUD_EVENT_SOURCE":"projects/spend-flow-82e37/locations/us-central1/services/analyzeReceiptImage","FUNCTION_TARGET":"analyzeReceiptImage","LOG_EXECUTION_ID":"true"},"ingressSettings":"ALLOW_ALL","serviceAccountEmail":"586343572662-compute@developer.gserviceaccount.com","availableMemory":"256Mi","maxInstanceRequestConcurrency":80,"availableCpu":"1"},"labels":{"deployment-tool":"cli-firebase","deployment-callable":"true","firebase-functions-hash":"fe36913f4d9fd9533877ae07ff0f752d19035037"},"environment":"GEN_2"},"stages":[{"name":"BUILD","message":"Build finished","state":"COMPLETE","resource":"projects/586343572662/locations/us-central1/builds/723b188e-703b-4283-9a92-1bf17e57def6","resourceUri":"https://console.cloud.google.com/cloud-build/builds;region=us-central1/723b188e-703b-4283-9a92-1bf17e57def6?project=586343572662"},{"name":"SERVICE","message":"Creating Cloud Run service","state":"IN_PROGRESS","resource":"projects/spend-flow-82e37/locations/us-central1/services/analyzereceiptimage","resourceUri":"https://console.cloud.google.com/run/detail/us-central1/analyzereceiptimage?project=spend-flow-82e37"}],"sourceToken":"Cldwcm9qZWN0cy81ODYzNDM1NzI2NjIvbG9jYXRpb25zL3VzLWNlbnRyYWwxL2J1aWxkcy83MjNiMTg4ZS03MDNiLTQyODMtOWE5Mi0xYmYxN2U1N2RlZjYSe3VzLWNlbnRyYWwxLWRvY2tlci5wa2cuZGV2L3NwZW5kLWZsb3ctODJlMzcvZ2NmLWFydGlmYWN0cy9zcGVuZC0tZmxvdy0tODJlMzdfX3VzLS1jZW50cmFsMV9fYW5hbHl6ZV9yZWNlaXB0X2ltYWdlOnZlcnNpb25fMRi2ybOmiBEiTXByb2plY3RzL3NwZW5kLWZsb3ctODJlMzcvbG9jYXRpb25zL3VzLWNlbnRyYWwxL2Z1bmN0aW9ucy9hbmFseXplUmVjZWlwdEltYWdlKgwIl4y5ygYQuNbQhQEyCG5vZGVqczI0OnYKI2djci5pby9nYWUtcnVudGltZXMvbm9kZWpzMjQ6c3RhYmxlEk91cy1jZW50cmFsMS1kb2NrZXIucGtnLmRldi9zZXJ2ZXJsZXNzLXJ1bnRpbWVzL2dvb2dsZS0yNC1mdWxsL3J1bnRpbWVzL25vZGVqczI0QAE=","operationType":"CREATE_FUNCTION","buildName":"projects/586343572662/locations/us-central1/builds/723b188e-703b-4283-9a92-1bf17e57def6"},"done":false}
[debug] [2025-12-26T08:23:57.945Z] Got source token Cldwcm9qZWN0cy81ODYzNDM1NzI2NjIvbG9jYXRpb25zL3VzLWNlbnRyYWwxL2J1aWxkcy83MjNiMTg4ZS03MDNiLTQyODMtOWE5Mi0xYmYxN2U1N2RlZjYSe3VzLWNlbnRyYWwxLWRvY2tlci5wa2cuZGV2L3NwZW5kLWZsb3ctODJlMzcvZ2NmLWFydGlmYWN0cy9zcGVuZC0tZmxvdy0tODJlMzdfX3VzLS1jZW50cmFsMV9fYW5hbHl6ZV9yZWNlaXB0X2ltYWdlOnZlcnNpb25fMRi2ybOmiBEiTXByb2plY3RzL3NwZW5kLWZsb3ctODJlMzcvbG9jYXRpb25zL3VzLWNlbnRyYWwxL2Z1bmN0aW9ucy9hbmFseXplUmVjZWlwdEltYWdlKgwIl4y5ygYQuNbQhQEyCG5vZGVqczI0OnYKI2djci5pby9nYWUtcnVudGltZXMvbm9kZWpzMjQ6c3RhYmxlEk91cy1jZW50cmFsMS1kb2NrZXIucGtnLmRldi9zZXJ2ZXJsZXNzLXJ1bnRpbWVzL2dvb2dsZS0yNC1mdWxsL3J1bnRpbWVzL25vZGVqczI0QAE= for region us-central1
[debug] [2025-12-26T08:24:07.947Z] [create-default-us-central1-analyzeReceiptImage] Retrying task index 0
[debug] [2025-12-26T08:24:07.949Z] Checked if tokens are valid: true, expires at: 1766740892755
[debug] [2025-12-26T08:24:07.949Z] Checked if tokens are valid: true, expires at: 1766740892755
[debug] [2025-12-26T08:24:07.949Z] >>> [apiv2][query] GET https://cloudfunctions.googleapis.com/v2/projects/spend-flow-82e37/locations/us-central1/operations/operation-1766737367411-646d6993229a7-ee764f86-bd196612 [none]
[debug] [2025-12-26T08:24:09.279Z] <<< [apiv2][status] GET https://cloudfunctions.googleapis.com/v2/projects/spend-flow-82e37/locations/us-central1/operations/operation-1766737367411-646d6993229a7-ee764f86-bd196612 200
[debug] [2025-12-26T08:24:09.279Z] <<< [apiv2][body] GET https://cloudfunctions.googleapis.com/v2/projects/spend-flow-82e37/locations/us-central1/operations/operation-1766737367411-646d6993229a7-ee764f86-bd196612 {"name":"projects/spend-flow-82e37/locations/us-central1/operations/operation-1766737367411-646d6993229a7-ee764f86-bd196612","metadata":{"@type":"type.googleapis.com/google.cloud.functions.v2.OperationMetadata","createTime":"2025-12-26T08:22:48.823394073Z","endTime":"2025-12-26T08:23:59.411966436Z","target":"projects/spend-flow-82e37/locations/us-central1/functions/analyzeReceiptImage","verb":"create","cancelRequested":false,"apiVersion":"v2","requestResource":{"@type":"type.googleapis.com/google.cloud.functions.v2.Function","name":"projects/spend-flow-82e37/locations/us-central1/functions/analyzeReceiptImage","buildConfig":{"runtime":"nodejs24","entryPoint":"analyzeReceiptImage","source":{"storageSource":{"bucket":"gcf-v2-sources-586343572662-us-central1","object":"analyzeReceiptImage/function-source.zip","generation":"1766737368129633"}},"environmentVariables":{"GOOGLE_NODE_RUN_SCRIPTS":""},"serviceAccount":"projects/spend-flow-82e37/serviceAccounts/586343572662-compute@developer.gserviceaccount.com","automaticUpdatePolicy":{}},"serviceConfig":{"service":"projects/spend-flow-82e37/locations/us-central1/services/analyzereceiptimage","timeoutSeconds":60,"environmentVariables":{"GEMINI_API_KEY":"AIzaSyDtNj504v-TsQY29gsCf_XIZhSQnneca1U","FIREBASE_CONFIG":"{\"projectId\":\"spend-flow-82e37\",\"storageBucket\":\"spend-flow-82e37.firebasestorage.app\"}","GCLOUD_PROJECT":"spend-flow-82e37","EVENTARC_CLOUD_EVENT_SOURCE":"projects/spend-flow-82e37/locations/us-central1/services/analyzeReceiptImage","FUNCTION_TARGET":"analyzeReceiptImage","LOG_EXECUTION_ID":"true"},"ingressSettings":"ALLOW_ALL","serviceAccountEmail":"586343572662-compute@developer.gserviceaccount.com","availableMemory":"256Mi","maxInstanceRequestConcurrency":80,"availableCpu":"1"},"labels":{"deployment-tool":"cli-firebase","deployment-callable":"true","firebase-functions-hash":"fe36913f4d9fd9533877ae07ff0f752d19035037"},"environment":"GEN_2"},"stages":[{"name":"BUILD","message":"Build finished","state":"COMPLETE","resource":"projects/586343572662/locations/us-central1/builds/723b188e-703b-4283-9a92-1bf17e57def6","resourceUri":"https://console.cloud.google.com/cloud-build/builds;region=us-central1/723b188e-703b-4283-9a92-1bf17e57def6?project=586343572662"},{"name":"SERVICE","message":"Creating Cloud Run service","state":"COMPLETE","resource":"projects/spend-flow-82e37/locations/us-central1/services/analyzereceiptimage","resourceUri":"https://console.cloud.google.com/run/detail/us-central1/analyzereceiptimage?project=spend-flow-82e37"}],"sourceToken":"Cldwcm9qZWN0cy81ODYzNDM1NzI2NjIvbG9jYXRpb25zL3VzLWNlbnRyYWwxL2J1aWxkcy83MjNiMTg4ZS03MDNiLTQyODMtOWE5Mi0xYmYxN2U1N2RlZjYSe3VzLWNlbnRyYWwxLWRvY2tlci5wa2cuZGV2L3NwZW5kLWZsb3ctODJlMzcvZ2NmLWFydGlmYWN0cy9zcGVuZC0tZmxvdy0tODJlMzdfX3VzLS1jZW50cmFsMV9fYW5hbHl6ZV9yZWNlaXB0X2ltYWdlOnZlcnNpb25fMRi2ybOmiBEiTXByb2plY3RzL3NwZW5kLWZsb3ctODJlMzcvbG9jYXRpb25zL3VzLWNlbnRyYWwxL2Z1bmN0aW9ucy9hbmFseXplUmVjZWlwdEltYWdlKgwIl4y5ygYQuNbQhQEyCG5vZGVqczI0OnYKI2djci5pby9nYWUtcnVudGltZXMvbm9kZWpzMjQ6c3RhYmxlEk91cy1jZW50cmFsMS1kb2NrZXIucGtnLmRldi9zZXJ2ZXJsZXNzLXJ1bnRpbWVzL2dvb2dsZS0yNC1mdWxsL3J1bnRpbWVzL25vZGVqczI0QAE=","operationType":"CREATE_FUNCTION","buildName":"projects/586343572662/locations/us-central1/builds/723b188e-703b-4283-9a92-1bf17e57def6"},"done":true,"response":{"@type":"type.googleapis.com/google.cloud.functions.v2.Function","name":"projects/spend-flow-82e37/locations/us-central1/functions/analyzeReceiptImage","buildConfig":{"build":"projects/586343572662/locations/us-central1/builds/723b188e-703b-4283-9a92-1bf17e57def6","runtime":"nodejs24","entryPoint":"analyzeReceiptImage","source":{"storageSource":{"bucket":"gcf-v2-sources-586343572662-us-central1","object":"analyzeReceiptImage/function-source.zip","generation":"1766737368129633"}},"environmentVariables":{"GOOGLE_NODE_RUN_SCRIPTS":""},"dockerRepository":"projects/spend-flow-82e37/locations/us-central1/repositories/gcf-artifacts","sourceProvenance":{"resolvedStorageSource":{"bucket":"gcf-v2-sources-586343572662-us-central1","object":"analyzeReceiptImage/function-source.zip","generation":"1766737368129633"}},"dockerRegistry":"ARTIFACT_REGISTRY","serviceAccount":"projects/spend-flow-82e37/serviceAccounts/586343572662-compute@developer.gserviceaccount.com","automaticUpdatePolicy":{}},"serviceConfig":{"service":"projects/spend-flow-82e37/locations/us-central1/services/analyzereceiptimage","timeoutSeconds":60,"environmentVariables":{"GEMINI_API_KEY":"AIzaSyDtNj504v-TsQY29gsCf_XIZhSQnneca1U","FIREBASE_CONFIG":"{\"projectId\":\"spend-flow-82e37\",\"storageBucket\":\"spend-flow-82e37.firebasestorage.app\"}","GCLOUD_PROJECT":"spend-flow-82e37","EVENTARC_CLOUD_EVENT_SOURCE":"projects/spend-flow-82e37/locations/us-central1/services/analyzeReceiptImage","FUNCTION_TARGET":"analyzeReceiptImage","LOG_EXECUTION_ID":"true"},"ingressSettings":"ALLOW_ALL","uri":"https://analyzereceiptimage-dhf3dbyzbq-uc.a.run.app","serviceAccountEmail":"586343572662-compute@developer.gserviceaccount.com","availableMemory":"256Mi","allTrafficOnLatestRevision":true,"revision":"analyzereceiptimage-00001-kec","maxInstanceRequestConcurrency":80,"availableCpu":"1"},"state":"ACTIVE","updateTime":"2025-12-26T08:22:48.818811633Z","labels":{"deployment-callable":"true","firebase-functions-hash":"fe36913f4d9fd9533877ae07ff0f752d19035037","deployment-tool":"cli-firebase"},"environment":"GEN_2","url":"https://us-central1-spend-flow-82e37.cloudfunctions.net/analyzeReceiptImage","createTime":"2025-12-26T08:22:48.818811633Z","satisfiesPzi":true}}
[debug] [2025-12-26T08:24:09.284Z] Got source token Cldwcm9qZWN0cy81ODYzNDM1NzI2NjIvbG9jYXRpb25zL3VzLWNlbnRyYWwxL2J1aWxkcy83MjNiMTg4ZS03MDNiLTQyODMtOWE5Mi0xYmYxN2U1N2RlZjYSe3VzLWNlbnRyYWwxLWRvY2tlci5wa2cuZGV2L3NwZW5kLWZsb3ctODJlMzcvZ2NmLWFydGlmYWN0cy9zcGVuZC0tZmxvdy0tODJlMzdfX3VzLS1jZW50cmFsMV9fYW5hbHl6ZV9yZWNlaXB0X2ltYWdlOnZlcnNpb25fMRi2ybOmiBEiTXByb2plY3RzL3NwZW5kLWZsb3ctODJlMzcvbG9jYXRpb25zL3VzLWNlbnRyYWwxL2Z1bmN0aW9ucy9hbmFseXplUmVjZWlwdEltYWdlKgwIl4y5ygYQuNbQhQEyCG5vZGVqczI0OnYKI2djci5pby9nYWUtcnVudGltZXMvbm9kZWpzMjQ6c3RhYmxlEk91cy1jZW50cmFsMS1kb2NrZXIucGtnLmRldi9zZXJ2ZXJsZXNzLXJ1bnRpbWVzL2dvb2dsZS0yNC1mdWxsL3J1bnRpbWVzL25vZGVqczI0QAE= for region us-central1
[debug] [2025-12-26T08:24:09.290Z] Checked if tokens are valid: true, expires at: 1766740892755
[debug] [2025-12-26T08:24:09.290Z] Checked if tokens are valid: true, expires at: 1766740892755
[debug] [2025-12-26T08:24:09.290Z] >>> [apiv2][query] POST https://run.googleapis.com/v1/projects/spend-flow-82e37/locations/us-central1/services/analyzereceiptimage:setIamPolicy [none]
[debug] [2025-12-26T08:24:09.290Z] >>> [apiv2][body] POST https://run.googleapis.com/v1/projects/spend-flow-82e37/locations/us-central1/services/analyzereceiptimage:setIamPolicy {"policy":{"bindings":[{"role":"roles/run.invoker","members":["allUsers"]}],"etag":"","version":3},"updateMask":"bindings,etag,version"}
[debug] [2025-12-26T08:24:10.989Z] <<< [apiv2][status] POST https://run.googleapis.com/v1/projects/spend-flow-82e37/locations/us-central1/services/analyzereceiptimage:setIamPolicy 200
[debug] [2025-12-26T08:24:10.990Z] <<< [apiv2][body] POST https://run.googleapis.com/v1/projects/spend-flow-82e37/locations/us-central1/services/analyzereceiptimage:setIamPolicy {"version":1,"etag":"BwZG1p4reIk=","bindings":[{"role":"roles/run.invoker","members":["allUsers"]}]}
[info] ✔  functions[analyzeReceiptImage(us-central1)] Successful create operation. 
[debug] [2025-12-26T08:24:10.996Z] Total Function Deployment time: 84720
[debug] [2025-12-26T08:24:10.996Z] 2 Functions Deployed
[debug] [2025-12-26T08:24:10.996Z] 1 Functions Errored
[debug] [2025-12-26T08:24:10.996Z] 0 Function Deployments Aborted
[debug] [2025-12-26T08:24:10.996Z] Average Function Deployment time: 44166.5
[info] 
[info] Functions deploy had errors with the following functions:
	analyzeTransactionText(us-central1)
[debug] [2025-12-26T08:24:11.211Z] Checked if tokens are valid: true, expires at: 1766740892755
[debug] [2025-12-26T08:24:11.211Z] Checked if tokens are valid: true, expires at: 1766740892755
[debug] [2025-12-26T08:24:11.211Z] >>> [apiv2][query] GET https://artifactregistry.googleapis.com/v1/projects/spend-flow-82e37/locations/us-central1/repositories/gcf-artifacts [none]
[debug] [2025-12-26T08:24:12.690Z] <<< [apiv2][status] GET https://artifactregistry.googleapis.com/v1/projects/spend-flow-82e37/locations/us-central1/repositories/gcf-artifacts 200
[debug] [2025-12-26T08:24:12.690Z] <<< [apiv2][body] GET https://artifactregistry.googleapis.com/v1/projects/spend-flow-82e37/locations/us-central1/repositories/gcf-artifacts {"name":"projects/spend-flow-82e37/locations/us-central1/repositories/gcf-artifacts","format":"DOCKER","description":"This repository is created and used by Cloud Functions for storing function docker images.","labels":{"goog-managed-by":"cloudfunctions"},"createTime":"2025-12-26T08:22:57.077606Z","updateTime":"2025-12-26T08:23:47.209334Z","mode":"STANDARD_REPOSITORY","sizeBytes":"100161626","vulnerabilityScanningConfig":{"lastEnableTime":"2025-12-26T08:22:48.999254029Z","enablementState":"SCANNING_DISABLED","enablementStateReason":"API containerscanning.googleapis.com is not enabled."},"satisfiesPzi":true,"registryUri":"us-central1-docker.pkg.dev/spend-flow-82e37/gcf-artifacts"}
[warn] ⚠  functions: No cleanup policy detected for repositories in us-central1. This may result in a small monthly bill as container images accumulate over time. 
[debug] [2025-12-26T08:25:11.158Z] ExitPromptError: User force closed the prompt with SIGINT
    at Interface.sigint (/usr/local/lib/node_modules/firebase-tools/node_modules/@inquirer/core/dist/commonjs/lib/create-prompt.js:101:37)
    at Interface.emit (node:events:518:28)
    at [_ttyWrite] [as _ttyWrite] (node:internal/readline/interface:1128:18)
    at ReadStream.onkeypress (node:internal/readline/interface:267:20)
    at ReadStream.emit (node:events:530:35)
    at emitKeys (node:internal/readline/utils:370:14)
    at emitKeys.next (<anonymous>)
    at ReadStream.onData (node:internal/readline/emitKeypressEvents:64:36)
    at ReadStream.emit (node:events:518:28)
    at addChunk (node:internal/streams/readable:561:12)
[error] 
[error] Error: An unexpected error has occurred.
